01:10:17 **** Incremental Build of configuration Debug for project Q8Emu_KV58_SDK12 ****
make all 
Building file: ../Static_Code/System/PE_low_level_init.c
Invoking: Cross ARM C Compiler
arm-none-eabi-gcc -mcpu=cortex-m7 -mthumb -mfloat-abi=hard -mfpu=fpv4-sp-d16 -O0 -fmessage-length=0 -fsigned-char -ffunction-sections -fdata-sections -Wall  -g3 -D"FSL_OSA_BM_TIMER_CONFIG=2" -D"CPU_MKV58F1M0VLQ22" -I"K:/home/projects/QV08/emu/ARM/kinetis_workspace/Q8Emu_KV58_SDK12/SDK/platform/hal/inc" -I"K:/home/projects/QV08/emu/ARM/kinetis_workspace/Q8Emu_KV58_SDK12/SDK/platform/hal/src/sim/MKV58F22" -I"K:/home/projects/QV08/emu/ARM/kinetis_workspace/Q8Emu_KV58_SDK12/SDK/platform/system/src/clock/MKV58F22" -I"K:/home/projects/QV08/emu/ARM/kinetis_workspace/Q8Emu_KV58_SDK12/SDK/platform/system/inc" -I"K:/home/projects/QV08/emu/ARM/kinetis_workspace/Q8Emu_KV58_SDK12/SDK/platform/osa/inc" -I"K:/home/projects/QV08/emu/ARM/kinetis_workspace/Q8Emu_KV58_SDK12/SDK/platform/CMSIS/Include" -I"K:/home/projects/QV08/emu/ARM/kinetis_workspace/Q8Emu_KV58_SDK12/SDK/platform/devices" -I"K:/home/projects/QV08/emu/ARM/kinetis_workspace/Q8Emu_KV58_SDK12/SDK/platform/devices/MKV58F22/include" -I"K:/home/projects/QV08/emu/ARM/kinetis_workspace/Q8Emu_KV58_SDK12/SDK/platform/devices/MKV58F22/startup" -I"K:/home/projects/QV08/emu/ARM/kinetis_workspace/Q8Emu_KV58_SDK12/Generated_Code/SDK/platform/devices/MKV58F22/startup" -I"K:/home/projects/QV08/emu/ARM/kinetis_workspace/Q8Emu_KV58_SDK12/Sources" -I"K:/home/projects/QV08/emu/ARM/kinetis_workspace/Q8Emu_KV58_SDK12/Generated_Code" -std=c99 -MMD -MP -MF"Static_Code/System/PE_low_level_init.d" -MT"Static_Code/System/PE_low_level_init.o" -c -o "Static_Code/System/PE_low_level_init.o" "../Static_Code/System/PE_low_level_init.c"
Finished building: ../Static_Code/System/PE_low_level_init.c
 
Building file: ../Generated_Code/pin_mux.c
Invoking: Cross ARM C Compiler
arm-none-eabi-gcc -mcpu=cortex-m7 -mthumb -mfloat-abi=hard -mfpu=fpv4-sp-d16 -O0 -fmessage-length=0 -fsigned-char -ffunction-sections -fdata-sections -Wall  -g3 -D"FSL_OSA_BM_TIMER_CONFIG=2" -D"CPU_MKV58F1M0VLQ22" -I"K:/home/projects/QV08/emu/ARM/kinetis_workspace/Q8Emu_KV58_SDK12/SDK/platform/hal/inc" -I"K:/home/projects/QV08/emu/ARM/kinetis_workspace/Q8Emu_KV58_SDK12/SDK/platform/hal/src/sim/MKV58F22" -I"K:/home/projects/QV08/emu/ARM/kinetis_workspace/Q8Emu_KV58_SDK12/SDK/platform/system/src/clock/MKV58F22" -I"K:/home/projects/QV08/emu/ARM/kinetis_workspace/Q8Emu_KV58_SDK12/SDK/platform/system/inc" -I"K:/home/projects/QV08/emu/ARM/kinetis_workspace/Q8Emu_KV58_SDK12/SDK/platform/osa/inc" -I"K:/home/projects/QV08/emu/ARM/kinetis_workspace/Q8Emu_KV58_SDK12/SDK/platform/CMSIS/Include" -I"K:/home/projects/QV08/emu/ARM/kinetis_workspace/Q8Emu_KV58_SDK12/SDK/platform/devices" -I"K:/home/projects/QV08/emu/ARM/kinetis_workspace/Q8Emu_KV58_SDK12/SDK/platform/devices/MKV58F22/include" -I"K:/home/projects/QV08/emu/ARM/kinetis_workspace/Q8Emu_KV58_SDK12/SDK/platform/devices/MKV58F22/startup" -I"K:/home/projects/QV08/emu/ARM/kinetis_workspace/Q8Emu_KV58_SDK12/Generated_Code/SDK/platform/devices/MKV58F22/startup" -I"K:/home/projects/QV08/emu/ARM/kinetis_workspace/Q8Emu_KV58_SDK12/Sources" -I"K:/home/projects/QV08/emu/ARM/kinetis_workspace/Q8Emu_KV58_SDK12/Generated_Code" -std=c99 -MMD -MP -MF"Generated_Code/pin_mux.d" -MT"Generated_Code/pin_mux.o" -c -o "Generated_Code/pin_mux.o" "../Generated_Code/pin_mux.c"
Finished building: ../Generated_Code/pin_mux.c
 
Building target: Q8Emu_KV58_SDK12.elf
Invoking: Cross ARM C++ Linker
arm-none-eabi-g++ -mcpu=cortex-m7 -mthumb -mfloat-abi=hard -mfpu=fpv4-sp-d16 -O0 -fmessage-length=0 -fsigned-char -ffunction-sections -fdata-sections -Wall  -g3 -T "K:/home/projects/QV08/emu/ARM/kinetis_workspace/Q8Emu_KV58_SDK12/Project_Settings/Linker_Files/ProcessorExpert.ld" -Xlinker --gc-sections -L"K:/home/projects/QV08/emu/ARM/kinetis_workspace/Q8Emu_KV58_SDK12/Project_Settings/Linker_Files" -Wl,-Map,"Q8Emu_KV58_SDK12.map" -specs=nosys.specs -specs=nano.specs -o "Q8Emu_KV58_SDK12.elf"  ./Static_Code/System/PE_low_level_init.o  ./Sources/Events.o ./Sources/main.o  ./SDK/platform/system/src/interrupt/fsl_interrupt_manager.o  ./SDK/platform/system/src/clock/MKV58F22/fsl_clock_MKV58F22.o  ./SDK/platform/system/src/clock/fsl_clock_manager.o ./SDK/platform/system/src/clock/fsl_clock_manager_common.o  ./SDK/platform/osa/src/fsl_os_abstraction_bm.o  ./SDK/platform/hal/src/xbar/fsl_xbar_hal.o  ./SDK/platform/hal/src/sim/MKV58F22/fsl_sim_hal_MKV58F22.o  ./SDK/platform/hal/src/port/fsl_port_hal.o  ./SDK/platform/hal/src/osc/fsl_osc_hal.o  ./SDK/platform/hal/src/mcg/fsl_mcg_hal.o ./SDK/platform/hal/src/mcg/fsl_mcg_hal_modes.o  ./SDK/platform/hal/src/lptmr/fsl_lptmr_hal.o  ./SDK/platform/hal/src/dmamux/fsl_dmamux_hal.o  ./SDK/platform/devices/MKV58F22/startup/gcc/startup_MKV58F22.o  ./SDK/platform/devices/MKV58F22/startup/system_MKV58F22.o  ./SDK/platform/devices/startup.o  ./Generated_Code/Cpu.o ./Generated_Code/clockMan1.o ./Generated_Code/hardware_init.o ./Generated_Code/osa1.o ./Generated_Code/pin_mux.o   
Finished building target: Q8Emu_KV58_SDK12.elf
 
Invoking: Cross ARM GNU Print Size
arm-none-eabi-size --format=berkeley "Q8Emu_KV58_SDK12.elf"
   text	   data	    bss	    dec	    hex	filename
  10332	    120	   1264	  11716	   2dc4	Q8Emu_KV58_SDK12.elf
Finished building: Q8Emu_KV58_SDK12.siz
 
01:10:26 **** Incremental Build of configuration Debug for project Q8Emu_KV58_SDK12 ****
make all 
Invoking: Cross ARM GNU Print Size
arm-none-eabi-size --format=berkeley "Q8Emu_KV58_SDK12.elf"
   text	   data	    bss	    dec	    hex	filename
  10332	    120	   1264	  11716	   2dc4	Q8Emu_KV58_SDK12.elf
Finished building: Q8Emu_KV58_SDK12.siz
 
01:10:53 **** Clean-only build of configuration Debug for project Q8Emu_KV58_SDK12 ****
make clean 
rm -rf  Q8Emu_KV58_SDK12.siz  ./Static_Code/System/PE_low_level_init.o  ./Sources/Events.o ./Sources/main.o  ./SDK/platform/system/src/interrupt/fsl_interrupt_manager.o  ./SDK/platform/system/src/clock/MKV58F22/fsl_clock_MKV58F22.o  ./SDK/platform/system/src/clock/fsl_clock_manager.o ./SDK/platform/system/src/clock/fsl_clock_manager_common.o  ./SDK/platform/osa/src/fsl_os_abstraction_bm.o  ./SDK/platform/hal/src/xbar/fsl_xbar_hal.o  ./SDK/platform/hal/src/sim/MKV58F22/fsl_sim_hal_MKV58F22.o  ./SDK/platform/hal/src/port/fsl_port_hal.o  ./SDK/platform/hal/src/osc/fsl_osc_hal.o  ./SDK/platform/hal/src/mcg/fsl_mcg_hal.o ./SDK/platform/hal/src/mcg/fsl_mcg_hal_modes.o  ./SDK/platform/hal/src/lptmr/fsl_lptmr_hal.o  ./SDK/platform/hal/src/dmamux/fsl_dmamux_hal.o  ./SDK/platform/devices/MKV58F22/startup/gcc/startup_MKV58F22.o  ./SDK/platform/devices/MKV58F22/startup/system_MKV58F22.o  ./SDK/platform/devices/startup.o  ./Generated_Code/Cpu.o ./Generated_Code/clockMan1.o ./Generated_Code/hardware_init.o ./Generated_Code/osa1.o ./Generated_Code/pin_mux.o  ./Static_Code/System/PE_low_level_init.d  ./Sources/Events.d ./Sources/main.d  ./SDK/platform/system/src/interrupt/fsl_interrupt_manager.d  ./SDK/platform/system/src/clock/MKV58F22/fsl_clock_MKV58F22.d  ./SDK/platform/system/src/clock/fsl_clock_manager.d ./SDK/platform/system/src/clock/fsl_clock_manager_common.d  ./SDK/platform/osa/src/fsl_os_abstraction_bm.d  ./SDK/platform/hal/src/xbar/fsl_xbar_hal.d  ./SDK/platform/hal/src/sim/MKV58F22/fsl_sim_hal_MKV58F22.d  ./SDK/platform/hal/src/port/fsl_port_hal.d  ./SDK/platform/hal/src/osc/fsl_osc_hal.d  ./SDK/platform/hal/src/mcg/fsl_mcg_hal.d ./SDK/platform/hal/src/mcg/fsl_mcg_hal_modes.d  ./SDK/platform/hal/src/lptmr/fsl_lptmr_hal.d  ./SDK/platform/hal/src/dmamux/fsl_dmamux_hal.d  ./SDK/platform/devices/MKV58F22/startup/system_MKV58F22.d  ./SDK/platform/devices/startup.d  ./Generated_Code/Cpu.d ./Generated_Code/clockMan1.d ./Generated_Code/hardware_init.d ./Generated_Code/osa1.d ./Generated_Code/pin_mux.d  ./SDK/platform/devices/MKV58F22/startup/gcc/startup_MKV58F22.d  Q8Emu_KV58_SDK12.elf
 
01:11:00 **** Build of configuration Debug for project Q8Emu_KV58_SDK12 ****
make all 
Building file: ../Static_Code/System/PE_low_level_init.c
Invoking: Cross ARM C Compiler
arm-none-eabi-gcc -mcpu=cortex-m7 -mthumb -mfloat-abi=hard -mfpu=fpv4-sp-d16 -O0 -fmessage-length=0 -fsigned-char -ffunction-sections -fdata-sections -Wall  -g3 -D"FSL_OSA_BM_TIMER_CONFIG=2" -D"CPU_MKV58F1M0VLQ22" -I"K:/home/projects/QV08/emu/ARM/kinetis_workspace/Q8Emu_KV58_SDK12/SDK/platform/hal/inc" -I"K:/home/projects/QV08/emu/ARM/kinetis_workspace/Q8Emu_KV58_SDK12/SDK/platform/hal/src/sim/MKV58F22" -I"K:/home/projects/QV08/emu/ARM/kinetis_workspace/Q8Emu_KV58_SDK12/SDK/platform/system/src/clock/MKV58F22" -I"K:/home/projects/QV08/emu/ARM/kinetis_workspace/Q8Emu_KV58_SDK12/SDK/platform/system/inc" -I"K:/home/projects/QV08/emu/ARM/kinetis_workspace/Q8Emu_KV58_SDK12/SDK/platform/osa/inc" -I"K:/home/projects/QV08/emu/ARM/kinetis_workspace/Q8Emu_KV58_SDK12/SDK/platform/CMSIS/Include" -I"K:/home/projects/QV08/emu/ARM/kinetis_workspace/Q8Emu_KV58_SDK12/SDK/platform/devices" -I"K:/home/projects/QV08/emu/ARM/kinetis_workspace/Q8Emu_KV58_SDK12/SDK/platform/devices/MKV58F22/include" -I"K:/home/projects/QV08/emu/ARM/kinetis_workspace/Q8Emu_KV58_SDK12/SDK/platform/devices/MKV58F22/startup" -I"K:/home/projects/QV08/emu/ARM/kinetis_workspace/Q8Emu_KV58_SDK12/Generated_Code/SDK/platform/devices/MKV58F22/startup" -I"K:/home/projects/QV08/emu/ARM/kinetis_workspace/Q8Emu_KV58_SDK12/Sources" -I"K:/home/projects/QV08/emu/ARM/kinetis_workspace/Q8Emu_KV58_SDK12/Generated_Code" -std=c99 -MMD -MP -MF"Static_Code/System/PE_low_level_init.d" -MT"Static_Code/System/PE_low_level_init.o" -c -o "Static_Code/System/PE_low_level_init.o" "../Static_Code/System/PE_low_level_init.c"
Finished building: ../Static_Code/System/PE_low_level_init.c
 
Building file: ../Sources/Events.c
Invoking: Cross ARM C Compiler
arm-none-eabi-gcc -mcpu=cortex-m7 -mthumb -mfloat-abi=hard -mfpu=fpv4-sp-d16 -O0 -fmessage-length=0 -fsigned-char -ffunction-sections -fdata-sections -Wall  -g3 -D"FSL_OSA_BM_TIMER_CONFIG=2" -D"CPU_MKV58F1M0VLQ22" -I"K:/home/projects/QV08/emu/ARM/kinetis_workspace/Q8Emu_KV58_SDK12/SDK/platform/hal/inc" -I"K:/home/projects/QV08/emu/ARM/kinetis_workspace/Q8Emu_KV58_SDK12/SDK/platform/hal/src/sim/MKV58F22" -I"K:/home/projects/QV08/emu/ARM/kinetis_workspace/Q8Emu_KV58_SDK12/SDK/platform/system/src/clock/MKV58F22" -I"K:/home/projects/QV08/emu/ARM/kinetis_workspace/Q8Emu_KV58_SDK12/SDK/platform/system/inc" -I"K:/home/projects/QV08/emu/ARM/kinetis_workspace/Q8Emu_KV58_SDK12/SDK/platform/osa/inc" -I"K:/home/projects/QV08/emu/ARM/kinetis_workspace/Q8Emu_KV58_SDK12/SDK/platform/CMSIS/Include" -I"K:/home/projects/QV08/emu/ARM/kinetis_workspace/Q8Emu_KV58_SDK12/SDK/platform/devices" -I"K:/home/projects/QV08/emu/ARM/kinetis_workspace/Q8Emu_KV58_SDK12/SDK/platform/devices/MKV58F22/include" -I"K:/home/projects/QV08/emu/ARM/kinetis_workspace/Q8Emu_KV58_SDK12/SDK/platform/devices/MKV58F22/startup" -I"K:/home/projects/QV08/emu/ARM/kinetis_workspace/Q8Emu_KV58_SDK12/Generated_Code/SDK/platform/devices/MKV58F22/startup" -I"K:/home/projects/QV08/emu/ARM/kinetis_workspace/Q8Emu_KV58_SDK12/Sources" -I"K:/home/projects/QV08/emu/ARM/kinetis_workspace/Q8Emu_KV58_SDK12/Generated_Code" -std=c99 -MMD -MP -MF"Sources/Events.d" -MT"Sources/Events.o" -c -o "Sources/Events.o" "../Sources/Events.c"
Finished building: ../Sources/Events.c
 
Building file: ../Sources/main.c
Invoking: Cross ARM C Compiler
arm-none-eabi-gcc -mcpu=cortex-m7 -mthumb -mfloat-abi=hard -mfpu=fpv4-sp-d16 -O0 -fmessage-length=0 -fsigned-char -ffunction-sections -fdata-sections -Wall  -g3 -D"FSL_OSA_BM_TIMER_CONFIG=2" -D"CPU_MKV58F1M0VLQ22" -I"K:/home/projects/QV08/emu/ARM/kinetis_workspace/Q8Emu_KV58_SDK12/SDK/platform/hal/inc" -I"K:/home/projects/QV08/emu/ARM/kinetis_workspace/Q8Emu_KV58_SDK12/SDK/platform/hal/src/sim/MKV58F22" -I"K:/home/projects/QV08/emu/ARM/kinetis_workspace/Q8Emu_KV58_SDK12/SDK/platform/system/src/clock/MKV58F22" -I"K:/home/projects/QV08/emu/ARM/kinetis_workspace/Q8Emu_KV58_SDK12/SDK/platform/system/inc" -I"K:/home/projects/QV08/emu/ARM/kinetis_workspace/Q8Emu_KV58_SDK12/SDK/platform/osa/inc" -I"K:/home/projects/QV08/emu/ARM/kinetis_workspace/Q8Emu_KV58_SDK12/SDK/platform/CMSIS/Include" -I"K:/home/projects/QV08/emu/ARM/kinetis_workspace/Q8Emu_KV58_SDK12/SDK/platform/devices" -I"K:/home/projects/QV08/emu/ARM/kinetis_workspace/Q8Emu_KV58_SDK12/SDK/platform/devices/MKV58F22/include" -I"K:/home/projects/QV08/emu/ARM/kinetis_workspace/Q8Emu_KV58_SDK12/SDK/platform/devices/MKV58F22/startup" -I"K:/home/projects/QV08/emu/ARM/kinetis_workspace/Q8Emu_KV58_SDK12/Generated_Code/SDK/platform/devices/MKV58F22/startup" -I"K:/home/projects/QV08/emu/ARM/kinetis_workspace/Q8Emu_KV58_SDK12/Sources" -I"K:/home/projects/QV08/emu/ARM/kinetis_workspace/Q8Emu_KV58_SDK12/Generated_Code" -std=c99 -MMD -MP -MF"Sources/main.d" -MT"Sources/main.o" -c -o "Sources/main.o" "../Sources/main.c"
Finished building: ../Sources/main.c
 
Building file: ../SDK/platform/system/src/interrupt/fsl_interrupt_manager.c
Invoking: Cross ARM C Compiler
arm-none-eabi-gcc -mcpu=cortex-m7 -mthumb -mfloat-abi=hard -mfpu=fpv4-sp-d16 -O0 -fmessage-length=0 -fsigned-char -ffunction-sections -fdata-sections -Wall  -g3 -D"FSL_OSA_BM_TIMER_CONFIG=2" -D"CPU_MKV58F1M0VLQ22" -I"K:/home/projects/QV08/emu/ARM/kinetis_workspace/Q8Emu_KV58_SDK12/SDK/platform/hal/inc" -I"K:/home/projects/QV08/emu/ARM/kinetis_workspace/Q8Emu_KV58_SDK12/SDK/platform/hal/src/sim/MKV58F22" -I"K:/home/projects/QV08/emu/ARM/kinetis_workspace/Q8Emu_KV58_SDK12/SDK/platform/system/src/clock/MKV58F22" -I"K:/home/projects/QV08/emu/ARM/kinetis_workspace/Q8Emu_KV58_SDK12/SDK/platform/system/inc" -I"K:/home/projects/QV08/emu/ARM/kinetis_workspace/Q8Emu_KV58_SDK12/SDK/platform/osa/inc" -I"K:/home/projects/QV08/emu/ARM/kinetis_workspace/Q8Emu_KV58_SDK12/SDK/platform/CMSIS/Include" -I"K:/home/projects/QV08/emu/ARM/kinetis_workspace/Q8Emu_KV58_SDK12/SDK/platform/devices" -I"K:/home/projects/QV08/emu/ARM/kinetis_workspace/Q8Emu_KV58_SDK12/SDK/platform/devices/MKV58F22/include" -I"K:/home/projects/QV08/emu/ARM/kinetis_workspace/Q8Emu_KV58_SDK12/SDK/platform/devices/MKV58F22/startup" -I"K:/home/projects/QV08/emu/ARM/kinetis_workspace/Q8Emu_KV58_SDK12/Generated_Code/SDK/platform/devices/MKV58F22/startup" -I"K:/home/projects/QV08/emu/ARM/kinetis_workspace/Q8Emu_KV58_SDK12/Sources" -I"K:/home/projects/QV08/emu/ARM/kinetis_workspace/Q8Emu_KV58_SDK12/Generated_Code" -std=c99 -MMD -MP -MF"SDK/platform/system/src/interrupt/fsl_interrupt_manager.d" -MT"SDK/platform/system/src/interrupt/fsl_interrupt_manager.o" -c -o "SDK/platform/system/src/interrupt/fsl_interrupt_manager.o" "../SDK/platform/system/src/interrupt/fsl_interrupt_manager.c"
Finished building: ../SDK/platform/system/src/interrupt/fsl_interrupt_manager.c
 
Building file: ../SDK/platform/system/src/clock/MKV58F22/fsl_clock_MKV58F22.c
Invoking: Cross ARM C Compiler
arm-none-eabi-gcc -mcpu=cortex-m7 -mthumb -mfloat-abi=hard -mfpu=fpv4-sp-d16 -O0 -fmessage-length=0 -fsigned-char -ffunction-sections -fdata-sections -Wall  -g3 -D"FSL_OSA_BM_TIMER_CONFIG=2" -D"CPU_MKV58F1M0VLQ22" -I"K:/home/projects/QV08/emu/ARM/kinetis_workspace/Q8Emu_KV58_SDK12/SDK/platform/hal/inc" -I"K:/home/projects/QV08/emu/ARM/kinetis_workspace/Q8Emu_KV58_SDK12/SDK/platform/hal/src/sim/MKV58F22" -I"K:/home/projects/QV08/emu/ARM/kinetis_workspace/Q8Emu_KV58_SDK12/SDK/platform/system/src/clock/MKV58F22" -I"K:/home/projects/QV08/emu/ARM/kinetis_workspace/Q8Emu_KV58_SDK12/SDK/platform/system/inc" -I"K:/home/projects/QV08/emu/ARM/kinetis_workspace/Q8Emu_KV58_SDK12/SDK/platform/osa/inc" -I"K:/home/projects/QV08/emu/ARM/kinetis_workspace/Q8Emu_KV58_SDK12/SDK/platform/CMSIS/Include" -I"K:/home/projects/QV08/emu/ARM/kinetis_workspace/Q8Emu_KV58_SDK12/SDK/platform/devices" -I"K:/home/projects/QV08/emu/ARM/kinetis_workspace/Q8Emu_KV58_SDK12/SDK/platform/devices/MKV58F22/include" -I"K:/home/projects/QV08/emu/ARM/kinetis_workspace/Q8Emu_KV58_SDK12/SDK/platform/devices/MKV58F22/startup" -I"K:/home/projects/QV08/emu/ARM/kinetis_workspace/Q8Emu_KV58_SDK12/Generated_Code/SDK/platform/devices/MKV58F22/startup" -I"K:/home/projects/QV08/emu/ARM/kinetis_workspace/Q8Emu_KV58_SDK12/Sources" -I"K:/home/projects/QV08/emu/ARM/kinetis_workspace/Q8Emu_KV58_SDK12/Generated_Code" -std=c99 -MMD -MP -MF"SDK/platform/system/src/clock/MKV58F22/fsl_clock_MKV58F22.d" -MT"SDK/platform/system/src/clock/MKV58F22/fsl_clock_MKV58F22.o" -c -o "SDK/platform/system/src/clock/MKV58F22/fsl_clock_MKV58F22.o" "../SDK/platform/system/src/clock/MKV58F22/fsl_clock_MKV58F22.c"
Finished building: ../SDK/platform/system/src/clock/MKV58F22/fsl_clock_MKV58F22.c
 
Building file: ../SDK/platform/system/src/clock/fsl_clock_manager.c
Invoking: Cross ARM C Compiler
arm-none-eabi-gcc -mcpu=cortex-m7 -mthumb -mfloat-abi=hard -mfpu=fpv4-sp-d16 -O0 -fmessage-length=0 -fsigned-char -ffunction-sections -fdata-sections -Wall  -g3 -D"FSL_OSA_BM_TIMER_CONFIG=2" -D"CPU_MKV58F1M0VLQ22" -I"K:/home/projects/QV08/emu/ARM/kinetis_workspace/Q8Emu_KV58_SDK12/SDK/platform/hal/inc" -I"K:/home/projects/QV08/emu/ARM/kinetis_workspace/Q8Emu_KV58_SDK12/SDK/platform/hal/src/sim/MKV58F22" -I"K:/home/projects/QV08/emu/ARM/kinetis_workspace/Q8Emu_KV58_SDK12/SDK/platform/system/src/clock/MKV58F22" -I"K:/home/projects/QV08/emu/ARM/kinetis_workspace/Q8Emu_KV58_SDK12/SDK/platform/system/inc" -I"K:/home/projects/QV08/emu/ARM/kinetis_workspace/Q8Emu_KV58_SDK12/SDK/platform/osa/inc" -I"K:/home/projects/QV08/emu/ARM/kinetis_workspace/Q8Emu_KV58_SDK12/SDK/platform/CMSIS/Include" -I"K:/home/projects/QV08/emu/ARM/kinetis_workspace/Q8Emu_KV58_SDK12/SDK/platform/devices" -I"K:/home/projects/QV08/emu/ARM/kinetis_workspace/Q8Emu_KV58_SDK12/SDK/platform/devices/MKV58F22/include" -I"K:/home/projects/QV08/emu/ARM/kinetis_workspace/Q8Emu_KV58_SDK12/SDK/platform/devices/MKV58F22/startup" -I"K:/home/projects/QV08/emu/ARM/kinetis_workspace/Q8Emu_KV58_SDK12/Generated_Code/SDK/platform/devices/MKV58F22/startup" -I"K:/home/projects/QV08/emu/ARM/kinetis_workspace/Q8Emu_KV58_SDK12/Sources" -I"K:/home/projects/QV08/emu/ARM/kinetis_workspace/Q8Emu_KV58_SDK12/Generated_Code" -std=c99 -MMD -MP -MF"SDK/platform/system/src/clock/fsl_clock_manager.d" -MT"SDK/platform/system/src/clock/fsl_clock_manager.o" -c -o "SDK/platform/system/src/clock/fsl_clock_manager.o" "../SDK/platform/system/src/clock/fsl_clock_manager.c"
Finished building: ../SDK/platform/system/src/clock/fsl_clock_manager.c
 
Building file: ../SDK/platform/system/src/clock/fsl_clock_manager_common.c
Invoking: Cross ARM C Compiler
arm-none-eabi-gcc -mcpu=cortex-m7 -mthumb -mfloat-abi=hard -mfpu=fpv4-sp-d16 -O0 -fmessage-length=0 -fsigned-char -ffunction-sections -fdata-sections -Wall  -g3 -D"FSL_OSA_BM_TIMER_CONFIG=2" -D"CPU_MKV58F1M0VLQ22" -I"K:/home/projects/QV08/emu/ARM/kinetis_workspace/Q8Emu_KV58_SDK12/SDK/platform/hal/inc" -I"K:/home/projects/QV08/emu/ARM/kinetis_workspace/Q8Emu_KV58_SDK12/SDK/platform/hal/src/sim/MKV58F22" -I"K:/home/projects/QV08/emu/ARM/kinetis_workspace/Q8Emu_KV58_SDK12/SDK/platform/system/src/clock/MKV58F22" -I"K:/home/projects/QV08/emu/ARM/kinetis_workspace/Q8Emu_KV58_SDK12/SDK/platform/system/inc" -I"K:/home/projects/QV08/emu/ARM/kinetis_workspace/Q8Emu_KV58_SDK12/SDK/platform/osa/inc" -I"K:/home/projects/QV08/emu/ARM/kinetis_workspace/Q8Emu_KV58_SDK12/SDK/platform/CMSIS/Include" -I"K:/home/projects/QV08/emu/ARM/kinetis_workspace/Q8Emu_KV58_SDK12/SDK/platform/devices" -I"K:/home/projects/QV08/emu/ARM/kinetis_workspace/Q8Emu_KV58_SDK12/SDK/platform/devices/MKV58F22/include" -I"K:/home/projects/QV08/emu/ARM/kinetis_workspace/Q8Emu_KV58_SDK12/SDK/platform/devices/MKV58F22/startup" -I"K:/home/projects/QV08/emu/ARM/kinetis_workspace/Q8Emu_KV58_SDK12/Generated_Code/SDK/platform/devices/MKV58F22/startup" -I"K:/home/projects/QV08/emu/ARM/kinetis_workspace/Q8Emu_KV58_SDK12/Sources" -I"K:/home/projects/QV08/emu/ARM/kinetis_workspace/Q8Emu_KV58_SDK12/Generated_Code" -std=c99 -MMD -MP -MF"SDK/platform/system/src/clock/fsl_clock_manager_common.d" -MT"SDK/platform/system/src/clock/fsl_clock_manager_common.o" -c -o "SDK/platform/system/src/clock/fsl_clock_manager_common.o" "../SDK/platform/system/src/clock/fsl_clock_manager_common.c"
Finished building: ../SDK/platform/system/src/clock/fsl_clock_manager_common.c
 
Building file: ../SDK/platform/osa/src/fsl_os_abstraction_bm.c
Invoking: Cross ARM C Compiler
arm-none-eabi-gcc -mcpu=cortex-m7 -mthumb -mfloat-abi=hard -mfpu=fpv4-sp-d16 -O0 -fmessage-length=0 -fsigned-char -ffunction-sections -fdata-sections -Wall  -g3 -D"FSL_OSA_BM_TIMER_CONFIG=2" -D"CPU_MKV58F1M0VLQ22" -I"K:/home/projects/QV08/emu/ARM/kinetis_workspace/Q8Emu_KV58_SDK12/SDK/platform/hal/inc" -I"K:/home/projects/QV08/emu/ARM/kinetis_workspace/Q8Emu_KV58_SDK12/SDK/platform/hal/src/sim/MKV58F22" -I"K:/home/projects/QV08/emu/ARM/kinetis_workspace/Q8Emu_KV58_SDK12/SDK/platform/system/src/clock/MKV58F22" -I"K:/home/projects/QV08/emu/ARM/kinetis_workspace/Q8Emu_KV58_SDK12/SDK/platform/system/inc" -I"K:/home/projects/QV08/emu/ARM/kinetis_workspace/Q8Emu_KV58_SDK12/SDK/platform/osa/inc" -I"K:/home/projects/QV08/emu/ARM/kinetis_workspace/Q8Emu_KV58_SDK12/SDK/platform/CMSIS/Include" -I"K:/home/projects/QV08/emu/ARM/kinetis_workspace/Q8Emu_KV58_SDK12/SDK/platform/devices" -I"K:/home/projects/QV08/emu/ARM/kinetis_workspace/Q8Emu_KV58_SDK12/SDK/platform/devices/MKV58F22/include" -I"K:/home/projects/QV08/emu/ARM/kinetis_workspace/Q8Emu_KV58_SDK12/SDK/platform/devices/MKV58F22/startup" -I"K:/home/projects/QV08/emu/ARM/kinetis_workspace/Q8Emu_KV58_SDK12/Generated_Code/SDK/platform/devices/MKV58F22/startup" -I"K:/home/projects/QV08/emu/ARM/kinetis_workspace/Q8Emu_KV58_SDK12/Sources" -I"K:/home/projects/QV08/emu/ARM/kinetis_workspace/Q8Emu_KV58_SDK12/Generated_Code" -std=c99 -MMD -MP -MF"SDK/platform/osa/src/fsl_os_abstraction_bm.d" -MT"SDK/platform/osa/src/fsl_os_abstraction_bm.o" -c -o "SDK/platform/osa/src/fsl_os_abstraction_bm.o" "../SDK/platform/osa/src/fsl_os_abstraction_bm.c"
Finished building: ../SDK/platform/osa/src/fsl_os_abstraction_bm.c
 
Building file: ../SDK/platform/hal/src/xbar/fsl_xbar_hal.c
Invoking: Cross ARM C Compiler
arm-none-eabi-gcc -mcpu=cortex-m7 -mthumb -mfloat-abi=hard -mfpu=fpv4-sp-d16 -O0 -fmessage-length=0 -fsigned-char -ffunction-sections -fdata-sections -Wall  -g3 -D"FSL_OSA_BM_TIMER_CONFIG=2" -D"CPU_MKV58F1M0VLQ22" -I"K:/home/projects/QV08/emu/ARM/kinetis_workspace/Q8Emu_KV58_SDK12/SDK/platform/hal/inc" -I"K:/home/projects/QV08/emu/ARM/kinetis_workspace/Q8Emu_KV58_SDK12/SDK/platform/hal/src/sim/MKV58F22" -I"K:/home/projects/QV08/emu/ARM/kinetis_workspace/Q8Emu_KV58_SDK12/SDK/platform/system/src/clock/MKV58F22" -I"K:/home/projects/QV08/emu/ARM/kinetis_workspace/Q8Emu_KV58_SDK12/SDK/platform/system/inc" -I"K:/home/projects/QV08/emu/ARM/kinetis_workspace/Q8Emu_KV58_SDK12/SDK/platform/osa/inc" -I"K:/home/projects/QV08/emu/ARM/kinetis_workspace/Q8Emu_KV58_SDK12/SDK/platform/CMSIS/Include" -I"K:/home/projects/QV08/emu/ARM/kinetis_workspace/Q8Emu_KV58_SDK12/SDK/platform/devices" -I"K:/home/projects/QV08/emu/ARM/kinetis_workspace/Q8Emu_KV58_SDK12/SDK/platform/devices/MKV58F22/include" -I"K:/home/projects/QV08/emu/ARM/kinetis_workspace/Q8Emu_KV58_SDK12/SDK/platform/devices/MKV58F22/startup" -I"K:/home/projects/QV08/emu/ARM/kinetis_workspace/Q8Emu_KV58_SDK12/Generated_Code/SDK/platform/devices/MKV58F22/startup" -I"K:/home/projects/QV08/emu/ARM/kinetis_workspace/Q8Emu_KV58_SDK12/Sources" -I"K:/home/projects/QV08/emu/ARM/kinetis_workspace/Q8Emu_KV58_SDK12/Generated_Code" -std=c99 -MMD -MP -MF"SDK/platform/hal/src/xbar/fsl_xbar_hal.d" -MT"SDK/platform/hal/src/xbar/fsl_xbar_hal.o" -c -o "SDK/platform/hal/src/xbar/fsl_xbar_hal.o" "../SDK/platform/hal/src/xbar/fsl_xbar_hal.c"
Finished building: ../SDK/platform/hal/src/xbar/fsl_xbar_hal.c
 
Building file: ../SDK/platform/hal/src/sim/MKV58F22/fsl_sim_hal_MKV58F22.c
Invoking: Cross ARM C Compiler
arm-none-eabi-gcc -mcpu=cortex-m7 -mthumb -mfloat-abi=hard -mfpu=fpv4-sp-d16 -O0 -fmessage-length=0 -fsigned-char -ffunction-sections -fdata-sections -Wall  -g3 -D"FSL_OSA_BM_TIMER_CONFIG=2" -D"CPU_MKV58F1M0VLQ22" -I"K:/home/projects/QV08/emu/ARM/kinetis_workspace/Q8Emu_KV58_SDK12/SDK/platform/hal/inc" -I"K:/home/projects/QV08/emu/ARM/kinetis_workspace/Q8Emu_KV58_SDK12/SDK/platform/hal/src/sim/MKV58F22" -I"K:/home/projects/QV08/emu/ARM/kinetis_workspace/Q8Emu_KV58_SDK12/SDK/platform/system/src/clock/MKV58F22" -I"K:/home/projects/QV08/emu/ARM/kinetis_workspace/Q8Emu_KV58_SDK12/SDK/platform/system/inc" -I"K:/home/projects/QV08/emu/ARM/kinetis_workspace/Q8Emu_KV58_SDK12/SDK/platform/osa/inc" -I"K:/home/projects/QV08/emu/ARM/kinetis_workspace/Q8Emu_KV58_SDK12/SDK/platform/CMSIS/Include" -I"K:/home/projects/QV08/emu/ARM/kinetis_workspace/Q8Emu_KV58_SDK12/SDK/platform/devices" -I"K:/home/projects/QV08/emu/ARM/kinetis_workspace/Q8Emu_KV58_SDK12/SDK/platform/devices/MKV58F22/include" -I"K:/home/projects/QV08/emu/ARM/kinetis_workspace/Q8Emu_KV58_SDK12/SDK/platform/devices/MKV58F22/startup" -I"K:/home/projects/QV08/emu/ARM/kinetis_workspace/Q8Emu_KV58_SDK12/Generated_Code/SDK/platform/devices/MKV58F22/startup" -I"K:/home/projects/QV08/emu/ARM/kinetis_workspace/Q8Emu_KV58_SDK12/Sources" -I"K:/home/projects/QV08/emu/ARM/kinetis_workspace/Q8Emu_KV58_SDK12/Generated_Code" -std=c99 -MMD -MP -MF"SDK/platform/hal/src/sim/MKV58F22/fsl_sim_hal_MKV58F22.d" -MT"SDK/platform/hal/src/sim/MKV58F22/fsl_sim_hal_MKV58F22.o" -c -o "SDK/platform/hal/src/sim/MKV58F22/fsl_sim_hal_MKV58F22.o" "../SDK/platform/hal/src/sim/MKV58F22/fsl_sim_hal_MKV58F22.c"
Finished building: ../SDK/platform/hal/src/sim/MKV58F22/fsl_sim_hal_MKV58F22.c
 
Building file: ../SDK/platform/hal/src/port/fsl_port_hal.c
Invoking: Cross ARM C Compiler
arm-none-eabi-gcc -mcpu=cortex-m7 -mthumb -mfloat-abi=hard -mfpu=fpv4-sp-d16 -O0 -fmessage-length=0 -fsigned-char -ffunction-sections -fdata-sections -Wall  -g3 -D"FSL_OSA_BM_TIMER_CONFIG=2" -D"CPU_MKV58F1M0VLQ22" -I"K:/home/projects/QV08/emu/ARM/kinetis_workspace/Q8Emu_KV58_SDK12/SDK/platform/hal/inc" -I"K:/home/projects/QV08/emu/ARM/kinetis_workspace/Q8Emu_KV58_SDK12/SDK/platform/hal/src/sim/MKV58F22" -I"K:/home/projects/QV08/emu/ARM/kinetis_workspace/Q8Emu_KV58_SDK12/SDK/platform/system/src/clock/MKV58F22" -I"K:/home/projects/QV08/emu/ARM/kinetis_workspace/Q8Emu_KV58_SDK12/SDK/platform/system/inc" -I"K:/home/projects/QV08/emu/ARM/kinetis_workspace/Q8Emu_KV58_SDK12/SDK/platform/osa/inc" -I"K:/home/projects/QV08/emu/ARM/kinetis_workspace/Q8Emu_KV58_SDK12/SDK/platform/CMSIS/Include" -I"K:/home/projects/QV08/emu/ARM/kinetis_workspace/Q8Emu_KV58_SDK12/SDK/platform/devices" -I"K:/home/projects/QV08/emu/ARM/kinetis_workspace/Q8Emu_KV58_SDK12/SDK/platform/devices/MKV58F22/include" -I"K:/home/projects/QV08/emu/ARM/kinetis_workspace/Q8Emu_KV58_SDK12/SDK/platform/devices/MKV58F22/startup" -I"K:/home/projects/QV08/emu/ARM/kinetis_workspace/Q8Emu_KV58_SDK12/Generated_Code/SDK/platform/devices/MKV58F22/startup" -I"K:/home/projects/QV08/emu/ARM/kinetis_workspace/Q8Emu_KV58_SDK12/Sources" -I"K:/home/projects/QV08/emu/ARM/kinetis_workspace/Q8Emu_KV58_SDK12/Generated_Code" -std=c99 -MMD -MP -MF"SDK/platform/hal/src/port/fsl_port_hal.d" -MT"SDK/platform/hal/src/port/fsl_port_hal.o" -c -o "SDK/platform/hal/src/port/fsl_port_hal.o" "../SDK/platform/hal/src/port/fsl_port_hal.c"
Finished building: ../SDK/platform/hal/src/port/fsl_port_hal.c
 
Building file: ../SDK/platform/hal/src/osc/fsl_osc_hal.c
Invoking: Cross ARM C Compiler
arm-none-eabi-gcc -mcpu=cortex-m7 -mthumb -mfloat-abi=hard -mfpu=fpv4-sp-d16 -O0 -fmessage-length=0 -fsigned-char -ffunction-sections -fdata-sections -Wall  -g3 -D"FSL_OSA_BM_TIMER_CONFIG=2" -D"CPU_MKV58F1M0VLQ22" -I"K:/home/projects/QV08/emu/ARM/kinetis_workspace/Q8Emu_KV58_SDK12/SDK/platform/hal/inc" -I"K:/home/projects/QV08/emu/ARM/kinetis_workspace/Q8Emu_KV58_SDK12/SDK/platform/hal/src/sim/MKV58F22" -I"K:/home/projects/QV08/emu/ARM/kinetis_workspace/Q8Emu_KV58_SDK12/SDK/platform/system/src/clock/MKV58F22" -I"K:/home/projects/QV08/emu/ARM/kinetis_workspace/Q8Emu_KV58_SDK12/SDK/platform/system/inc" -I"K:/home/projects/QV08/emu/ARM/kinetis_workspace/Q8Emu_KV58_SDK12/SDK/platform/osa/inc" -I"K:/home/projects/QV08/emu/ARM/kinetis_workspace/Q8Emu_KV58_SDK12/SDK/platform/CMSIS/Include" -I"K:/home/projects/QV08/emu/ARM/kinetis_workspace/Q8Emu_KV58_SDK12/SDK/platform/devices" -I"K:/home/projects/QV08/emu/ARM/kinetis_workspace/Q8Emu_KV58_SDK12/SDK/platform/devices/MKV58F22/include" -I"K:/home/projects/QV08/emu/ARM/kinetis_workspace/Q8Emu_KV58_SDK12/SDK/platform/devices/MKV58F22/startup" -I"K:/home/projects/QV08/emu/ARM/kinetis_workspace/Q8Emu_KV58_SDK12/Generated_Code/SDK/platform/devices/MKV58F22/startup" -I"K:/home/projects/QV08/emu/ARM/kinetis_workspace/Q8Emu_KV58_SDK12/Sources" -I"K:/home/projects/QV08/emu/ARM/kinetis_workspace/Q8Emu_KV58_SDK12/Generated_Code" -std=c99 -MMD -MP -MF"SDK/platform/hal/src/osc/fsl_osc_hal.d" -MT"SDK/platform/hal/src/osc/fsl_osc_hal.o" -c -o "SDK/platform/hal/src/osc/fsl_osc_hal.o" "../SDK/platform/hal/src/osc/fsl_osc_hal.c"
Finished building: ../SDK/platform/hal/src/osc/fsl_osc_hal.c
 
Building file: ../SDK/platform/hal/src/mcg/fsl_mcg_hal.c
Invoking: Cross ARM C Compiler
arm-none-eabi-gcc -mcpu=cortex-m7 -mthumb -mfloat-abi=hard -mfpu=fpv4-sp-d16 -O0 -fmessage-length=0 -fsigned-char -ffunction-sections -fdata-sections -Wall  -g3 -D"FSL_OSA_BM_TIMER_CONFIG=2" -D"CPU_MKV58F1M0VLQ22" -I"K:/home/projects/QV08/emu/ARM/kinetis_workspace/Q8Emu_KV58_SDK12/SDK/platform/hal/inc" -I"K:/home/projects/QV08/emu/ARM/kinetis_workspace/Q8Emu_KV58_SDK12/SDK/platform/hal/src/sim/MKV58F22" -I"K:/home/projects/QV08/emu/ARM/kinetis_workspace/Q8Emu_KV58_SDK12/SDK/platform/system/src/clock/MKV58F22" -I"K:/home/projects/QV08/emu/ARM/kinetis_workspace/Q8Emu_KV58_SDK12/SDK/platform/system/inc" -I"K:/home/projects/QV08/emu/ARM/kinetis_workspace/Q8Emu_KV58_SDK12/SDK/platform/osa/inc" -I"K:/home/projects/QV08/emu/ARM/kinetis_workspace/Q8Emu_KV58_SDK12/SDK/platform/CMSIS/Include" -I"K:/home/projects/QV08/emu/ARM/kinetis_workspace/Q8Emu_KV58_SDK12/SDK/platform/devices" -I"K:/home/projects/QV08/emu/ARM/kinetis_workspace/Q8Emu_KV58_SDK12/SDK/platform/devices/MKV58F22/include" -I"K:/home/projects/QV08/emu/ARM/kinetis_workspace/Q8Emu_KV58_SDK12/SDK/platform/devices/MKV58F22/startup" -I"K:/home/projects/QV08/emu/ARM/kinetis_workspace/Q8Emu_KV58_SDK12/Generated_Code/SDK/platform/devices/MKV58F22/startup" -I"K:/home/projects/QV08/emu/ARM/kinetis_workspace/Q8Emu_KV58_SDK12/Sources" -I"K:/home/projects/QV08/emu/ARM/kinetis_workspace/Q8Emu_KV58_SDK12/Generated_Code" -std=c99 -MMD -MP -MF"SDK/platform/hal/src/mcg/fsl_mcg_hal.d" -MT"SDK/platform/hal/src/mcg/fsl_mcg_hal.o" -c -o "SDK/platform/hal/src/mcg/fsl_mcg_hal.o" "../SDK/platform/hal/src/mcg/fsl_mcg_hal.c"
Finished building: ../SDK/platform/hal/src/mcg/fsl_mcg_hal.c
 
Building file: ../SDK/platform/hal/src/mcg/fsl_mcg_hal_modes.c
Invoking: Cross ARM C Compiler
arm-none-eabi-gcc -mcpu=cortex-m7 -mthumb -mfloat-abi=hard -mfpu=fpv4-sp-d16 -O0 -fmessage-length=0 -fsigned-char -ffunction-sections -fdata-sections -Wall  -g3 -D"FSL_OSA_BM_TIMER_CONFIG=2" -D"CPU_MKV58F1M0VLQ22" -I"K:/home/projects/QV08/emu/ARM/kinetis_workspace/Q8Emu_KV58_SDK12/SDK/platform/hal/inc" -I"K:/home/projects/QV08/emu/ARM/kinetis_workspace/Q8Emu_KV58_SDK12/SDK/platform/hal/src/sim/MKV58F22" -I"K:/home/projects/QV08/emu/ARM/kinetis_workspace/Q8Emu_KV58_SDK12/SDK/platform/system/src/clock/MKV58F22" -I"K:/home/projects/QV08/emu/ARM/kinetis_workspace/Q8Emu_KV58_SDK12/SDK/platform/system/inc" -I"K:/home/projects/QV08/emu/ARM/kinetis_workspace/Q8Emu_KV58_SDK12/SDK/platform/osa/inc" -I"K:/home/projects/QV08/emu/ARM/kinetis_workspace/Q8Emu_KV58_SDK12/SDK/platform/CMSIS/Include" -I"K:/home/projects/QV08/emu/ARM/kinetis_workspace/Q8Emu_KV58_SDK12/SDK/platform/devices" -I"K:/home/projects/QV08/emu/ARM/kinetis_workspace/Q8Emu_KV58_SDK12/SDK/platform/devices/MKV58F22/include" -I"K:/home/projects/QV08/emu/ARM/kinetis_workspace/Q8Emu_KV58_SDK12/SDK/platform/devices/MKV58F22/startup" -I"K:/home/projects/QV08/emu/ARM/kinetis_workspace/Q8Emu_KV58_SDK12/Generated_Code/SDK/platform/devices/MKV58F22/startup" -I"K:/home/projects/QV08/emu/ARM/kinetis_workspace/Q8Emu_KV58_SDK12/Sources" -I"K:/home/projects/QV08/emu/ARM/kinetis_workspace/Q8Emu_KV58_SDK12/Generated_Code" -std=c99 -MMD -MP -MF"SDK/platform/hal/src/mcg/fsl_mcg_hal_modes.d" -MT"SDK/platform/hal/src/mcg/fsl_mcg_hal_modes.o" -c -o "SDK/platform/hal/src/mcg/fsl_mcg_hal_modes.o" "../SDK/platform/hal/src/mcg/fsl_mcg_hal_modes.c"
Finished building: ../SDK/platform/hal/src/mcg/fsl_mcg_hal_modes.c
 
Building file: ../SDK/platform/hal/src/lptmr/fsl_lptmr_hal.c
Invoking: Cross ARM C Compiler
arm-none-eabi-gcc -mcpu=cortex-m7 -mthumb -mfloat-abi=hard -mfpu=fpv4-sp-d16 -O0 -fmessage-length=0 -fsigned-char -ffunction-sections -fdata-sections -Wall  -g3 -D"FSL_OSA_BM_TIMER_CONFIG=2" -D"CPU_MKV58F1M0VLQ22" -I"K:/home/projects/QV08/emu/ARM/kinetis_workspace/Q8Emu_KV58_SDK12/SDK/platform/hal/inc" -I"K:/home/projects/QV08/emu/ARM/kinetis_workspace/Q8Emu_KV58_SDK12/SDK/platform/hal/src/sim/MKV58F22" -I"K:/home/projects/QV08/emu/ARM/kinetis_workspace/Q8Emu_KV58_SDK12/SDK/platform/system/src/clock/MKV58F22" -I"K:/home/projects/QV08/emu/ARM/kinetis_workspace/Q8Emu_KV58_SDK12/SDK/platform/system/inc" -I"K:/home/projects/QV08/emu/ARM/kinetis_workspace/Q8Emu_KV58_SDK12/SDK/platform/osa/inc" -I"K:/home/projects/QV08/emu/ARM/kinetis_workspace/Q8Emu_KV58_SDK12/SDK/platform/CMSIS/Include" -I"K:/home/projects/QV08/emu/ARM/kinetis_workspace/Q8Emu_KV58_SDK12/SDK/platform/devices" -I"K:/home/projects/QV08/emu/ARM/kinetis_workspace/Q8Emu_KV58_SDK12/SDK/platform/devices/MKV58F22/include" -I"K:/home/projects/QV08/emu/ARM/kinetis_workspace/Q8Emu_KV58_SDK12/SDK/platform/devices/MKV58F22/startup" -I"K:/home/projects/QV08/emu/ARM/kinetis_workspace/Q8Emu_KV58_SDK12/Generated_Code/SDK/platform/devices/MKV58F22/startup" -I"K:/home/projects/QV08/emu/ARM/kinetis_workspace/Q8Emu_KV58_SDK12/Sources" -I"K:/home/projects/QV08/emu/ARM/kinetis_workspace/Q8Emu_KV58_SDK12/Generated_Code" -std=c99 -MMD -MP -MF"SDK/platform/hal/src/lptmr/fsl_lptmr_hal.d" -MT"SDK/platform/hal/src/lptmr/fsl_lptmr_hal.o" -c -o "SDK/platform/hal/src/lptmr/fsl_lptmr_hal.o" "../SDK/platform/hal/src/lptmr/fsl_lptmr_hal.c"
Finished building: ../SDK/platform/hal/src/lptmr/fsl_lptmr_hal.c
 
Building file: ../SDK/platform/hal/src/dmamux/fsl_dmamux_hal.c
Invoking: Cross ARM C Compiler
arm-none-eabi-gcc -mcpu=cortex-m7 -mthumb -mfloat-abi=hard -mfpu=fpv4-sp-d16 -O0 -fmessage-length=0 -fsigned-char -ffunction-sections -fdata-sections -Wall  -g3 -D"FSL_OSA_BM_TIMER_CONFIG=2" -D"CPU_MKV58F1M0VLQ22" -I"K:/home/projects/QV08/emu/ARM/kinetis_workspace/Q8Emu_KV58_SDK12/SDK/platform/hal/inc" -I"K:/home/projects/QV08/emu/ARM/kinetis_workspace/Q8Emu_KV58_SDK12/SDK/platform/hal/src/sim/MKV58F22" -I"K:/home/projects/QV08/emu/ARM/kinetis_workspace/Q8Emu_KV58_SDK12/SDK/platform/system/src/clock/MKV58F22" -I"K:/home/projects/QV08/emu/ARM/kinetis_workspace/Q8Emu_KV58_SDK12/SDK/platform/system/inc" -I"K:/home/projects/QV08/emu/ARM/kinetis_workspace/Q8Emu_KV58_SDK12/SDK/platform/osa/inc" -I"K:/home/projects/QV08/emu/ARM/kinetis_workspace/Q8Emu_KV58_SDK12/SDK/platform/CMSIS/Include" -I"K:/home/projects/QV08/emu/ARM/kinetis_workspace/Q8Emu_KV58_SDK12/SDK/platform/devices" -I"K:/home/projects/QV08/emu/ARM/kinetis_workspace/Q8Emu_KV58_SDK12/SDK/platform/devices/MKV58F22/include" -I"K:/home/projects/QV08/emu/ARM/kinetis_workspace/Q8Emu_KV58_SDK12/SDK/platform/devices/MKV58F22/startup" -I"K:/home/projects/QV08/emu/ARM/kinetis_workspace/Q8Emu_KV58_SDK12/Generated_Code/SDK/platform/devices/MKV58F22/startup" -I"K:/home/projects/QV08/emu/ARM/kinetis_workspace/Q8Emu_KV58_SDK12/Sources" -I"K:/home/projects/QV08/emu/ARM/kinetis_workspace/Q8Emu_KV58_SDK12/Generated_Code" -std=c99 -MMD -MP -MF"SDK/platform/hal/src/dmamux/fsl_dmamux_hal.d" -MT"SDK/platform/hal/src/dmamux/fsl_dmamux_hal.o" -c -o "SDK/platform/hal/src/dmamux/fsl_dmamux_hal.o" "../SDK/platform/hal/src/dmamux/fsl_dmamux_hal.c"
Finished building: ../SDK/platform/hal/src/dmamux/fsl_dmamux_hal.c
 
Building file: ../SDK/platform/devices/MKV58F22/startup/gcc/startup_MKV58F22.S
Invoking: Cross ARM GNU Assembler
arm-none-eabi-gcc -mcpu=cortex-m7 -mthumb -mfloat-abi=hard -mfpu=fpv4-sp-d16 -O0 -fmessage-length=0 -fsigned-char -ffunction-sections -fdata-sections -Wall  -g3 -x assembler-with-cpp -D"FSL_OSA_BM_TIMER_CONFIG=2" -MMD -MP -MF"SDK/platform/devices/MKV58F22/startup/gcc/startup_MKV58F22.d" -MT"SDK/platform/devices/MKV58F22/startup/gcc/startup_MKV58F22.o" -c -o "SDK/platform/devices/MKV58F22/startup/gcc/startup_MKV58F22.o" "../SDK/platform/devices/MKV58F22/startup/gcc/startup_MKV58F22.S"
Finished building: ../SDK/platform/devices/MKV58F22/startup/gcc/startup_MKV58F22.S
 
Building file: ../SDK/platform/devices/MKV58F22/startup/system_MKV58F22.c
Invoking: Cross ARM C Compiler
arm-none-eabi-gcc -mcpu=cortex-m7 -mthumb -mfloat-abi=hard -mfpu=fpv4-sp-d16 -O0 -fmessage-length=0 -fsigned-char -ffunction-sections -fdata-sections -Wall  -g3 -D"FSL_OSA_BM_TIMER_CONFIG=2" -D"CPU_MKV58F1M0VLQ22" -I"K:/home/projects/QV08/emu/ARM/kinetis_workspace/Q8Emu_KV58_SDK12/SDK/platform/hal/inc" -I"K:/home/projects/QV08/emu/ARM/kinetis_workspace/Q8Emu_KV58_SDK12/SDK/platform/hal/src/sim/MKV58F22" -I"K:/home/projects/QV08/emu/ARM/kinetis_workspace/Q8Emu_KV58_SDK12/SDK/platform/system/src/clock/MKV58F22" -I"K:/home/projects/QV08/emu/ARM/kinetis_workspace/Q8Emu_KV58_SDK12/SDK/platform/system/inc" -I"K:/home/projects/QV08/emu/ARM/kinetis_workspace/Q8Emu_KV58_SDK12/SDK/platform/osa/inc" -I"K:/home/projects/QV08/emu/ARM/kinetis_workspace/Q8Emu_KV58_SDK12/SDK/platform/CMSIS/Include" -I"K:/home/projects/QV08/emu/ARM/kinetis_workspace/Q8Emu_KV58_SDK12/SDK/platform/devices" -I"K:/home/projects/QV08/emu/ARM/kinetis_workspace/Q8Emu_KV58_SDK12/SDK/platform/devices/MKV58F22/include" -I"K:/home/projects/QV08/emu/ARM/kinetis_workspace/Q8Emu_KV58_SDK12/SDK/platform/devices/MKV58F22/startup" -I"K:/home/projects/QV08/emu/ARM/kinetis_workspace/Q8Emu_KV58_SDK12/Generated_Code/SDK/platform/devices/MKV58F22/startup" -I"K:/home/projects/QV08/emu/ARM/kinetis_workspace/Q8Emu_KV58_SDK12/Sources" -I"K:/home/projects/QV08/emu/ARM/kinetis_workspace/Q8Emu_KV58_SDK12/Generated_Code" -std=c99 -MMD -MP -MF"SDK/platform/devices/MKV58F22/startup/system_MKV58F22.d" -MT"SDK/platform/devices/MKV58F22/startup/system_MKV58F22.o" -c -o "SDK/platform/devices/MKV58F22/startup/system_MKV58F22.o" "../SDK/platform/devices/MKV58F22/startup/system_MKV58F22.c"
Finished building: ../SDK/platform/devices/MKV58F22/startup/system_MKV58F22.c
 
Building file: ../SDK/platform/devices/startup.c
Invoking: Cross ARM C Compiler
arm-none-eabi-gcc -mcpu=cortex-m7 -mthumb -mfloat-abi=hard -mfpu=fpv4-sp-d16 -O0 -fmessage-length=0 -fsigned-char -ffunction-sections -fdata-sections -Wall  -g3 -D"FSL_OSA_BM_TIMER_CONFIG=2" -D"CPU_MKV58F1M0VLQ22" -I"K:/home/projects/QV08/emu/ARM/kinetis_workspace/Q8Emu_KV58_SDK12/SDK/platform/hal/inc" -I"K:/home/projects/QV08/emu/ARM/kinetis_workspace/Q8Emu_KV58_SDK12/SDK/platform/hal/src/sim/MKV58F22" -I"K:/home/projects/QV08/emu/ARM/kinetis_workspace/Q8Emu_KV58_SDK12/SDK/platform/system/src/clock/MKV58F22" -I"K:/home/projects/QV08/emu/ARM/kinetis_workspace/Q8Emu_KV58_SDK12/SDK/platform/system/inc" -I"K:/home/projects/QV08/emu/ARM/kinetis_workspace/Q8Emu_KV58_SDK12/SDK/platform/osa/inc" -I"K:/home/projects/QV08/emu/ARM/kinetis_workspace/Q8Emu_KV58_SDK12/SDK/platform/CMSIS/Include" -I"K:/home/projects/QV08/emu/ARM/kinetis_workspace/Q8Emu_KV58_SDK12/SDK/platform/devices" -I"K:/home/projects/QV08/emu/ARM/kinetis_workspace/Q8Emu_KV58_SDK12/SDK/platform/devices/MKV58F22/include" -I"K:/home/projects/QV08/emu/ARM/kinetis_workspace/Q8Emu_KV58_SDK12/SDK/platform/devices/MKV58F22/startup" -I"K:/home/projects/QV08/emu/ARM/kinetis_workspace/Q8Emu_KV58_SDK12/Generated_Code/SDK/platform/devices/MKV58F22/startup" -I"K:/home/projects/QV08/emu/ARM/kinetis_workspace/Q8Emu_KV58_SDK12/Sources" -I"K:/home/projects/QV08/emu/ARM/kinetis_workspace/Q8Emu_KV58_SDK12/Generated_Code" -std=c99 -MMD -MP -MF"SDK/platform/devices/startup.d" -MT"SDK/platform/devices/startup.o" -c -o "SDK/platform/devices/startup.o" "../SDK/platform/devices/startup.c"
Finished building: ../SDK/platform/devices/startup.c
 
Building file: ../Generated_Code/Cpu.c
Invoking: Cross ARM C Compiler
arm-none-eabi-gcc -mcpu=cortex-m7 -mthumb -mfloat-abi=hard -mfpu=fpv4-sp-d16 -O0 -fmessage-length=0 -fsigned-char -ffunction-sections -fdata-sections -Wall  -g3 -D"FSL_OSA_BM_TIMER_CONFIG=2" -D"CPU_MKV58F1M0VLQ22" -I"K:/home/projects/QV08/emu/ARM/kinetis_workspace/Q8Emu_KV58_SDK12/SDK/platform/hal/inc" -I"K:/home/projects/QV08/emu/ARM/kinetis_workspace/Q8Emu_KV58_SDK12/SDK/platform/hal/src/sim/MKV58F22" -I"K:/home/projects/QV08/emu/ARM/kinetis_workspace/Q8Emu_KV58_SDK12/SDK/platform/system/src/clock/MKV58F22" -I"K:/home/projects/QV08/emu/ARM/kinetis_workspace/Q8Emu_KV58_SDK12/SDK/platform/system/inc" -I"K:/home/projects/QV08/emu/ARM/kinetis_workspace/Q8Emu_KV58_SDK12/SDK/platform/osa/inc" -I"K:/home/projects/QV08/emu/ARM/kinetis_workspace/Q8Emu_KV58_SDK12/SDK/platform/CMSIS/Include" -I"K:/home/projects/QV08/emu/ARM/kinetis_workspace/Q8Emu_KV58_SDK12/SDK/platform/devices" -I"K:/home/projects/QV08/emu/ARM/kinetis_workspace/Q8Emu_KV58_SDK12/SDK/platform/devices/MKV58F22/include" -I"K:/home/projects/QV08/emu/ARM/kinetis_workspace/Q8Emu_KV58_SDK12/SDK/platform/devices/MKV58F22/startup" -I"K:/home/projects/QV08/emu/ARM/kinetis_workspace/Q8Emu_KV58_SDK12/Generated_Code/SDK/platform/devices/MKV58F22/startup" -I"K:/home/projects/QV08/emu/ARM/kinetis_workspace/Q8Emu_KV58_SDK12/Sources" -I"K:/home/projects/QV08/emu/ARM/kinetis_workspace/Q8Emu_KV58_SDK12/Generated_Code" -std=c99 -MMD -MP -MF"Generated_Code/Cpu.d" -MT"Generated_Code/Cpu.o" -c -o "Generated_Code/Cpu.o" "../Generated_Code/Cpu.c"
Finished building: ../Generated_Code/Cpu.c
 
Building file: ../Generated_Code/clockMan1.c
Invoking: Cross ARM C Compiler
arm-none-eabi-gcc -mcpu=cortex-m7 -mthumb -mfloat-abi=hard -mfpu=fpv4-sp-d16 -O0 -fmessage-length=0 -fsigned-char -ffunction-sections -fdata-sections -Wall  -g3 -D"FSL_OSA_BM_TIMER_CONFIG=2" -D"CPU_MKV58F1M0VLQ22" -I"K:/home/projects/QV08/emu/ARM/kinetis_workspace/Q8Emu_KV58_SDK12/SDK/platform/hal/inc" -I"K:/home/projects/QV08/emu/ARM/kinetis_workspace/Q8Emu_KV58_SDK12/SDK/platform/hal/src/sim/MKV58F22" -I"K:/home/projects/QV08/emu/ARM/kinetis_workspace/Q8Emu_KV58_SDK12/SDK/platform/system/src/clock/MKV58F22" -I"K:/home/projects/QV08/emu/ARM/kinetis_workspace/Q8Emu_KV58_SDK12/SDK/platform/system/inc" -I"K:/home/projects/QV08/emu/ARM/kinetis_workspace/Q8Emu_KV58_SDK12/SDK/platform/osa/inc" -I"K:/home/projects/QV08/emu/ARM/kinetis_workspace/Q8Emu_KV58_SDK12/SDK/platform/CMSIS/Include" -I"K:/home/projects/QV08/emu/ARM/kinetis_workspace/Q8Emu_KV58_SDK12/SDK/platform/devices" -I"K:/home/projects/QV08/emu/ARM/kinetis_workspace/Q8Emu_KV58_SDK12/SDK/platform/devices/MKV58F22/include" -I"K:/home/projects/QV08/emu/ARM/kinetis_workspace/Q8Emu_KV58_SDK12/SDK/platform/devices/MKV58F22/startup" -I"K:/home/projects/QV08/emu/ARM/kinetis_workspace/Q8Emu_KV58_SDK12/Generated_Code/SDK/platform/devices/MKV58F22/startup" -I"K:/home/projects/QV08/emu/ARM/kinetis_workspace/Q8Emu_KV58_SDK12/Sources" -I"K:/home/projects/QV08/emu/ARM/kinetis_workspace/Q8Emu_KV58_SDK12/Generated_Code" -std=c99 -MMD -MP -MF"Generated_Code/clockMan1.d" -MT"Generated_Code/clockMan1.o" -c -o "Generated_Code/clockMan1.o" "../Generated_Code/clockMan1.c"
Finished building: ../Generated_Code/clockMan1.c
 
Building file: ../Generated_Code/hardware_init.c
Invoking: Cross ARM C Compiler
arm-none-eabi-gcc -mcpu=cortex-m7 -mthumb -mfloat-abi=hard -mfpu=fpv4-sp-d16 -O0 -fmessage-length=0 -fsigned-char -ffunction-sections -fdata-sections -Wall  -g3 -D"FSL_OSA_BM_TIMER_CONFIG=2" -D"CPU_MKV58F1M0VLQ22" -I"K:/home/projects/QV08/emu/ARM/kinetis_workspace/Q8Emu_KV58_SDK12/SDK/platform/hal/inc" -I"K:/home/projects/QV08/emu/ARM/kinetis_workspace/Q8Emu_KV58_SDK12/SDK/platform/hal/src/sim/MKV58F22" -I"K:/home/projects/QV08/emu/ARM/kinetis_workspace/Q8Emu_KV58_SDK12/SDK/platform/system/src/clock/MKV58F22" -I"K:/home/projects/QV08/emu/ARM/kinetis_workspace/Q8Emu_KV58_SDK12/SDK/platform/system/inc" -I"K:/home/projects/QV08/emu/ARM/kinetis_workspace/Q8Emu_KV58_SDK12/SDK/platform/osa/inc" -I"K:/home/projects/QV08/emu/ARM/kinetis_workspace/Q8Emu_KV58_SDK12/SDK/platform/CMSIS/Include" -I"K:/home/projects/QV08/emu/ARM/kinetis_workspace/Q8Emu_KV58_SDK12/SDK/platform/devices" -I"K:/home/projects/QV08/emu/ARM/kinetis_workspace/Q8Emu_KV58_SDK12/SDK/platform/devices/MKV58F22/include" -I"K:/home/projects/QV08/emu/ARM/kinetis_workspace/Q8Emu_KV58_SDK12/SDK/platform/devices/MKV58F22/startup" -I"K:/home/projects/QV08/emu/ARM/kinetis_workspace/Q8Emu_KV58_SDK12/Generated_Code/SDK/platform/devices/MKV58F22/startup" -I"K:/home/projects/QV08/emu/ARM/kinetis_workspace/Q8Emu_KV58_SDK12/Sources" -I"K:/home/projects/QV08/emu/ARM/kinetis_workspace/Q8Emu_KV58_SDK12/Generated_Code" -std=c99 -MMD -MP -MF"Generated_Code/hardware_init.d" -MT"Generated_Code/hardware_init.o" -c -o "Generated_Code/hardware_init.o" "../Generated_Code/hardware_init.c"
Finished building: ../Generated_Code/hardware_init.c
 
Building file: ../Generated_Code/osa1.c
Invoking: Cross ARM C Compiler
arm-none-eabi-gcc -mcpu=cortex-m7 -mthumb -mfloat-abi=hard -mfpu=fpv4-sp-d16 -O0 -fmessage-length=0 -fsigned-char -ffunction-sections -fdata-sections -Wall  -g3 -D"FSL_OSA_BM_TIMER_CONFIG=2" -D"CPU_MKV58F1M0VLQ22" -I"K:/home/projects/QV08/emu/ARM/kinetis_workspace/Q8Emu_KV58_SDK12/SDK/platform/hal/inc" -I"K:/home/projects/QV08/emu/ARM/kinetis_workspace/Q8Emu_KV58_SDK12/SDK/platform/hal/src/sim/MKV58F22" -I"K:/home/projects/QV08/emu/ARM/kinetis_workspace/Q8Emu_KV58_SDK12/SDK/platform/system/src/clock/MKV58F22" -I"K:/home/projects/QV08/emu/ARM/kinetis_workspace/Q8Emu_KV58_SDK12/SDK/platform/system/inc" -I"K:/home/projects/QV08/emu/ARM/kinetis_workspace/Q8Emu_KV58_SDK12/SDK/platform/osa/inc" -I"K:/home/projects/QV08/emu/ARM/kinetis_workspace/Q8Emu_KV58_SDK12/SDK/platform/CMSIS/Include" -I"K:/home/projects/QV08/emu/ARM/kinetis_workspace/Q8Emu_KV58_SDK12/SDK/platform/devices" -I"K:/home/projects/QV08/emu/ARM/kinetis_workspace/Q8Emu_KV58_SDK12/SDK/platform/devices/MKV58F22/include" -I"K:/home/projects/QV08/emu/ARM/kinetis_workspace/Q8Emu_KV58_SDK12/SDK/platform/devices/MKV58F22/startup" -I"K:/home/projects/QV08/emu/ARM/kinetis_workspace/Q8Emu_KV58_SDK12/Generated_Code/SDK/platform/devices/MKV58F22/startup" -I"K:/home/projects/QV08/emu/ARM/kinetis_workspace/Q8Emu_KV58_SDK12/Sources" -I"K:/home/projects/QV08/emu/ARM/kinetis_workspace/Q8Emu_KV58_SDK12/Generated_Code" -std=c99 -MMD -MP -MF"Generated_Code/osa1.d" -MT"Generated_Code/osa1.o" -c -o "Generated_Code/osa1.o" "../Generated_Code/osa1.c"
Finished building: ../Generated_Code/osa1.c
 
Building file: ../Generated_Code/pin_mux.c
Invoking: Cross ARM C Compiler
arm-none-eabi-gcc -mcpu=cortex-m7 -mthumb -mfloat-abi=hard -mfpu=fpv4-sp-d16 -O0 -fmessage-length=0 -fsigned-char -ffunction-sections -fdata-sections -Wall  -g3 -D"FSL_OSA_BM_TIMER_CONFIG=2" -D"CPU_MKV58F1M0VLQ22" -I"K:/home/projects/QV08/emu/ARM/kinetis_workspace/Q8Emu_KV58_SDK12/SDK/platform/hal/inc" -I"K:/home/projects/QV08/emu/ARM/kinetis_workspace/Q8Emu_KV58_SDK12/SDK/platform/hal/src/sim/MKV58F22" -I"K:/home/projects/QV08/emu/ARM/kinetis_workspace/Q8Emu_KV58_SDK12/SDK/platform/system/src/clock/MKV58F22" -I"K:/home/projects/QV08/emu/ARM/kinetis_workspace/Q8Emu_KV58_SDK12/SDK/platform/system/inc" -I"K:/home/projects/QV08/emu/ARM/kinetis_workspace/Q8Emu_KV58_SDK12/SDK/platform/osa/inc" -I"K:/home/projects/QV08/emu/ARM/kinetis_workspace/Q8Emu_KV58_SDK12/SDK/platform/CMSIS/Include" -I"K:/home/projects/QV08/emu/ARM/kinetis_workspace/Q8Emu_KV58_SDK12/SDK/platform/devices" -I"K:/home/projects/QV08/emu/ARM/kinetis_workspace/Q8Emu_KV58_SDK12/SDK/platform/devices/MKV58F22/include" -I"K:/home/projects/QV08/emu/ARM/kinetis_workspace/Q8Emu_KV58_SDK12/SDK/platform/devices/MKV58F22/startup" -I"K:/home/projects/QV08/emu/ARM/kinetis_workspace/Q8Emu_KV58_SDK12/Generated_Code/SDK/platform/devices/MKV58F22/startup" -I"K:/home/projects/QV08/emu/ARM/kinetis_workspace/Q8Emu_KV58_SDK12/Sources" -I"K:/home/projects/QV08/emu/ARM/kinetis_workspace/Q8Emu_KV58_SDK12/Generated_Code" -std=c99 -MMD -MP -MF"Generated_Code/pin_mux.d" -MT"Generated_Code/pin_mux.o" -c -o "Generated_Code/pin_mux.o" "../Generated_Code/pin_mux.c"
Finished building: ../Generated_Code/pin_mux.c
 
Building target: Q8Emu_KV58_SDK12.elf
Invoking: Cross ARM C++ Linker
arm-none-eabi-g++ -mcpu=cortex-m7 -mthumb -mfloat-abi=hard -mfpu=fpv4-sp-d16 -O0 -fmessage-length=0 -fsigned-char -ffunction-sections -fdata-sections -Wall  -g3 -T "K:/home/projects/QV08/emu/ARM/kinetis_workspace/Q8Emu_KV58_SDK12/Project_Settings/Linker_Files/ProcessorExpert.ld" -Xlinker --gc-sections -L"K:/home/projects/QV08/emu/ARM/kinetis_workspace/Q8Emu_KV58_SDK12/Project_Settings/Linker_Files" -Wl,-Map,"Q8Emu_KV58_SDK12.map" -specs=nosys.specs -specs=nano.specs -o "Q8Emu_KV58_SDK12.elf"  ./Static_Code/System/PE_low_level_init.o  ./Sources/Events.o ./Sources/main.o  ./SDK/platform/system/src/interrupt/fsl_interrupt_manager.o  ./SDK/platform/system/src/clock/MKV58F22/fsl_clock_MKV58F22.o  ./SDK/platform/system/src/clock/fsl_clock_manager.o ./SDK/platform/system/src/clock/fsl_clock_manager_common.o  ./SDK/platform/osa/src/fsl_os_abstraction_bm.o  ./SDK/platform/hal/src/xbar/fsl_xbar_hal.o  ./SDK/platform/hal/src/sim/MKV58F22/fsl_sim_hal_MKV58F22.o  ./SDK/platform/hal/src/port/fsl_port_hal.o  ./SDK/platform/hal/src/osc/fsl_osc_hal.o  ./SDK/platform/hal/src/mcg/fsl_mcg_hal.o ./SDK/platform/hal/src/mcg/fsl_mcg_hal_modes.o  ./SDK/platform/hal/src/lptmr/fsl_lptmr_hal.o  ./SDK/platform/hal/src/dmamux/fsl_dmamux_hal.o  ./SDK/platform/devices/MKV58F22/startup/gcc/startup_MKV58F22.o  ./SDK/platform/devices/MKV58F22/startup/system_MKV58F22.o  ./SDK/platform/devices/startup.o  ./Generated_Code/Cpu.o ./Generated_Code/clockMan1.o ./Generated_Code/hardware_init.o ./Generated_Code/osa1.o ./Generated_Code/pin_mux.o   
Finished building target: Q8Emu_KV58_SDK12.elf
 
Invoking: Cross ARM GNU Print Size
arm-none-eabi-size --format=berkeley "Q8Emu_KV58_SDK12.elf"
   text	   data	    bss	    dec	    hex	filename
  10332	    120	   1264	  11716	   2dc4	Q8Emu_KV58_SDK12.elf
Finished building: Q8Emu_KV58_SDK12.siz
 
