23:37:43 **** Incremental Build of configuration Debug for project Q8Emu_KV58_SDK12 ****
make all 
Building file: ../Static_Code/System/PE_low_level_init.c
Invoking: Cross ARM C Compiler
arm-none-eabi-gcc -mcpu=cortex-m7 -mthumb -mfloat-abi=hard -mfpu=fpv4-sp-d16 -O0 -fmessage-length=0 -fsigned-char -ffunction-sections -fdata-sections -Wall  -g3 -D"FSL_OSA_BM_TIMER_CONFIG=2" -D"CPU_MKV58F1M0VLQ22" -I"K:/home/projects/QV08/emu/ARM/kinetis_workspace/Q8Emu_KV58_SDK12/SDK/platform/hal/inc" -I"K:/home/projects/QV08/emu/ARM/kinetis_workspace/Q8Emu_KV58_SDK12/SDK/platform/hal/src/sim/MKV58F22" -I"K:/home/projects/QV08/emu/ARM/kinetis_workspace/Q8Emu_KV58_SDK12/SDK/platform/system/src/clock/MKV58F22" -I"K:/home/projects/QV08/emu/ARM/kinetis_workspace/Q8Emu_KV58_SDK12/SDK/platform/system/inc" -I"K:/home/projects/QV08/emu/ARM/kinetis_workspace/Q8Emu_KV58_SDK12/SDK/platform/osa/inc" -I"K:/home/projects/QV08/emu/ARM/kinetis_workspace/Q8Emu_KV58_SDK12/SDK/platform/CMSIS/Include" -I"K:/home/projects/QV08/emu/ARM/kinetis_workspace/Q8Emu_KV58_SDK12/SDK/platform/devices" -I"K:/home/projects/QV08/emu/ARM/kinetis_workspace/Q8Emu_KV58_SDK12/SDK/platform/devices/MKV58F22/include" -I"K:/home/projects/QV08/emu/ARM/kinetis_workspace/Q8Emu_KV58_SDK12/SDK/platform/devices/MKV58F22/startup" -I"K:/home/projects/QV08/emu/ARM/kinetis_workspace/Q8Emu_KV58_SDK12/Generated_Code/SDK/platform/devices/MKV58F22/startup" -I"K:/home/projects/QV08/emu/ARM/kinetis_workspace/Q8Emu_KV58_SDK12/Sources" -I"K:/home/projects/QV08/emu/ARM/kinetis_workspace/Q8Emu_KV58_SDK12/Generated_Code" -I"K:/home/projects/QV08/emu/ARM/kinetis_workspace/Q8Emu_KV58_SDK12/SDK/platform/drivers/inc" -std=c99 -MMD -MP -MF"Static_Code/System/PE_low_level_init.d" -MT"Static_Code/System/PE_low_level_init.o" -c -o "Static_Code/System/PE_low_level_init.o" "../Static_Code/System/PE_low_level_init.c"
Finished building: ../Static_Code/System/PE_low_level_init.c
 
Building file: ../Sources/Events.c
Invoking: Cross ARM C Compiler
arm-none-eabi-gcc -mcpu=cortex-m7 -mthumb -mfloat-abi=hard -mfpu=fpv4-sp-d16 -O0 -fmessage-length=0 -fsigned-char -ffunction-sections -fdata-sections -Wall  -g3 -D"FSL_OSA_BM_TIMER_CONFIG=2" -D"CPU_MKV58F1M0VLQ22" -I"K:/home/projects/QV08/emu/ARM/kinetis_workspace/Q8Emu_KV58_SDK12/SDK/platform/hal/inc" -I"K:/home/projects/QV08/emu/ARM/kinetis_workspace/Q8Emu_KV58_SDK12/SDK/platform/hal/src/sim/MKV58F22" -I"K:/home/projects/QV08/emu/ARM/kinetis_workspace/Q8Emu_KV58_SDK12/SDK/platform/system/src/clock/MKV58F22" -I"K:/home/projects/QV08/emu/ARM/kinetis_workspace/Q8Emu_KV58_SDK12/SDK/platform/system/inc" -I"K:/home/projects/QV08/emu/ARM/kinetis_workspace/Q8Emu_KV58_SDK12/SDK/platform/osa/inc" -I"K:/home/projects/QV08/emu/ARM/kinetis_workspace/Q8Emu_KV58_SDK12/SDK/platform/CMSIS/Include" -I"K:/home/projects/QV08/emu/ARM/kinetis_workspace/Q8Emu_KV58_SDK12/SDK/platform/devices" -I"K:/home/projects/QV08/emu/ARM/kinetis_workspace/Q8Emu_KV58_SDK12/SDK/platform/devices/MKV58F22/include" -I"K:/home/projects/QV08/emu/ARM/kinetis_workspace/Q8Emu_KV58_SDK12/SDK/platform/devices/MKV58F22/startup" -I"K:/home/projects/QV08/emu/ARM/kinetis_workspace/Q8Emu_KV58_SDK12/Generated_Code/SDK/platform/devices/MKV58F22/startup" -I"K:/home/projects/QV08/emu/ARM/kinetis_workspace/Q8Emu_KV58_SDK12/Sources" -I"K:/home/projects/QV08/emu/ARM/kinetis_workspace/Q8Emu_KV58_SDK12/Generated_Code" -I"K:/home/projects/QV08/emu/ARM/kinetis_workspace/Q8Emu_KV58_SDK12/SDK/platform/drivers/inc" -std=c99 -MMD -MP -MF"Sources/Events.d" -MT"Sources/Events.o" -c -o "Sources/Events.o" "../Sources/Events.c"
Finished building: ../Sources/Events.c
 
Building file: ../Sources/main.c
Invoking: Cross ARM C Compiler
arm-none-eabi-gcc -mcpu=cortex-m7 -mthumb -mfloat-abi=hard -mfpu=fpv4-sp-d16 -O0 -fmessage-length=0 -fsigned-char -ffunction-sections -fdata-sections -Wall  -g3 -D"FSL_OSA_BM_TIMER_CONFIG=2" -D"CPU_MKV58F1M0VLQ22" -I"K:/home/projects/QV08/emu/ARM/kinetis_workspace/Q8Emu_KV58_SDK12/SDK/platform/hal/inc" -I"K:/home/projects/QV08/emu/ARM/kinetis_workspace/Q8Emu_KV58_SDK12/SDK/platform/hal/src/sim/MKV58F22" -I"K:/home/projects/QV08/emu/ARM/kinetis_workspace/Q8Emu_KV58_SDK12/SDK/platform/system/src/clock/MKV58F22" -I"K:/home/projects/QV08/emu/ARM/kinetis_workspace/Q8Emu_KV58_SDK12/SDK/platform/system/inc" -I"K:/home/projects/QV08/emu/ARM/kinetis_workspace/Q8Emu_KV58_SDK12/SDK/platform/osa/inc" -I"K:/home/projects/QV08/emu/ARM/kinetis_workspace/Q8Emu_KV58_SDK12/SDK/platform/CMSIS/Include" -I"K:/home/projects/QV08/emu/ARM/kinetis_workspace/Q8Emu_KV58_SDK12/SDK/platform/devices" -I"K:/home/projects/QV08/emu/ARM/kinetis_workspace/Q8Emu_KV58_SDK12/SDK/platform/devices/MKV58F22/include" -I"K:/home/projects/QV08/emu/ARM/kinetis_workspace/Q8Emu_KV58_SDK12/SDK/platform/devices/MKV58F22/startup" -I"K:/home/projects/QV08/emu/ARM/kinetis_workspace/Q8Emu_KV58_SDK12/Generated_Code/SDK/platform/devices/MKV58F22/startup" -I"K:/home/projects/QV08/emu/ARM/kinetis_workspace/Q8Emu_KV58_SDK12/Sources" -I"K:/home/projects/QV08/emu/ARM/kinetis_workspace/Q8Emu_KV58_SDK12/Generated_Code" -I"K:/home/projects/QV08/emu/ARM/kinetis_workspace/Q8Emu_KV58_SDK12/SDK/platform/drivers/inc" -std=c99 -MMD -MP -MF"Sources/main.d" -MT"Sources/main.o" -c -o "Sources/main.o" "../Sources/main.c"
../Sources/main.c: In function 'main':
../Sources/main.c:68:17: warning: unused variable 'r' [-Wunused-variable]
  lptmr_status_t r=LPTMR_DRV_Start(0) ;
                 ^
Finished building: ../Sources/main.c
 
Building file: ../Generated_Code/Cpu.c
Invoking: Cross ARM C Compiler
arm-none-eabi-gcc -mcpu=cortex-m7 -mthumb -mfloat-abi=hard -mfpu=fpv4-sp-d16 -O0 -fmessage-length=0 -fsigned-char -ffunction-sections -fdata-sections -Wall  -g3 -D"FSL_OSA_BM_TIMER_CONFIG=2" -D"CPU_MKV58F1M0VLQ22" -I"K:/home/projects/QV08/emu/ARM/kinetis_workspace/Q8Emu_KV58_SDK12/SDK/platform/hal/inc" -I"K:/home/projects/QV08/emu/ARM/kinetis_workspace/Q8Emu_KV58_SDK12/SDK/platform/hal/src/sim/MKV58F22" -I"K:/home/projects/QV08/emu/ARM/kinetis_workspace/Q8Emu_KV58_SDK12/SDK/platform/system/src/clock/MKV58F22" -I"K:/home/projects/QV08/emu/ARM/kinetis_workspace/Q8Emu_KV58_SDK12/SDK/platform/system/inc" -I"K:/home/projects/QV08/emu/ARM/kinetis_workspace/Q8Emu_KV58_SDK12/SDK/platform/osa/inc" -I"K:/home/projects/QV08/emu/ARM/kinetis_workspace/Q8Emu_KV58_SDK12/SDK/platform/CMSIS/Include" -I"K:/home/projects/QV08/emu/ARM/kinetis_workspace/Q8Emu_KV58_SDK12/SDK/platform/devices" -I"K:/home/projects/QV08/emu/ARM/kinetis_workspace/Q8Emu_KV58_SDK12/SDK/platform/devices/MKV58F22/include" -I"K:/home/projects/QV08/emu/ARM/kinetis_workspace/Q8Emu_KV58_SDK12/SDK/platform/devices/MKV58F22/startup" -I"K:/home/projects/QV08/emu/ARM/kinetis_workspace/Q8Emu_KV58_SDK12/Generated_Code/SDK/platform/devices/MKV58F22/startup" -I"K:/home/projects/QV08/emu/ARM/kinetis_workspace/Q8Emu_KV58_SDK12/Sources" -I"K:/home/projects/QV08/emu/ARM/kinetis_workspace/Q8Emu_KV58_SDK12/Generated_Code" -I"K:/home/projects/QV08/emu/ARM/kinetis_workspace/Q8Emu_KV58_SDK12/SDK/platform/drivers/inc" -std=c99 -MMD -MP -MF"Generated_Code/Cpu.d" -MT"Generated_Code/Cpu.o" -c -o "Generated_Code/Cpu.o" "../Generated_Code/Cpu.c"
Finished building: ../Generated_Code/Cpu.c
 
Building file: ../Generated_Code/gpio1.c
Invoking: Cross ARM C Compiler
arm-none-eabi-gcc -mcpu=cortex-m7 -mthumb -mfloat-abi=hard -mfpu=fpv4-sp-d16 -O0 -fmessage-length=0 -fsigned-char -ffunction-sections -fdata-sections -Wall  -g3 -D"FSL_OSA_BM_TIMER_CONFIG=2" -D"CPU_MKV58F1M0VLQ22" -I"K:/home/projects/QV08/emu/ARM/kinetis_workspace/Q8Emu_KV58_SDK12/SDK/platform/hal/inc" -I"K:/home/projects/QV08/emu/ARM/kinetis_workspace/Q8Emu_KV58_SDK12/SDK/platform/hal/src/sim/MKV58F22" -I"K:/home/projects/QV08/emu/ARM/kinetis_workspace/Q8Emu_KV58_SDK12/SDK/platform/system/src/clock/MKV58F22" -I"K:/home/projects/QV08/emu/ARM/kinetis_workspace/Q8Emu_KV58_SDK12/SDK/platform/system/inc" -I"K:/home/projects/QV08/emu/ARM/kinetis_workspace/Q8Emu_KV58_SDK12/SDK/platform/osa/inc" -I"K:/home/projects/QV08/emu/ARM/kinetis_workspace/Q8Emu_KV58_SDK12/SDK/platform/CMSIS/Include" -I"K:/home/projects/QV08/emu/ARM/kinetis_workspace/Q8Emu_KV58_SDK12/SDK/platform/devices" -I"K:/home/projects/QV08/emu/ARM/kinetis_workspace/Q8Emu_KV58_SDK12/SDK/platform/devices/MKV58F22/include" -I"K:/home/projects/QV08/emu/ARM/kinetis_workspace/Q8Emu_KV58_SDK12/SDK/platform/devices/MKV58F22/startup" -I"K:/home/projects/QV08/emu/ARM/kinetis_workspace/Q8Emu_KV58_SDK12/Generated_Code/SDK/platform/devices/MKV58F22/startup" -I"K:/home/projects/QV08/emu/ARM/kinetis_workspace/Q8Emu_KV58_SDK12/Sources" -I"K:/home/projects/QV08/emu/ARM/kinetis_workspace/Q8Emu_KV58_SDK12/Generated_Code" -I"K:/home/projects/QV08/emu/ARM/kinetis_workspace/Q8Emu_KV58_SDK12/SDK/platform/drivers/inc" -std=c99 -MMD -MP -MF"Generated_Code/gpio1.d" -MT"Generated_Code/gpio1.o" -c -o "Generated_Code/gpio1.o" "../Generated_Code/gpio1.c"
Finished building: ../Generated_Code/gpio1.c
 
Building file: ../Generated_Code/lpTmr1.c
Invoking: Cross ARM C Compiler
arm-none-eabi-gcc -mcpu=cortex-m7 -mthumb -mfloat-abi=hard -mfpu=fpv4-sp-d16 -O0 -fmessage-length=0 -fsigned-char -ffunction-sections -fdata-sections -Wall  -g3 -D"FSL_OSA_BM_TIMER_CONFIG=2" -D"CPU_MKV58F1M0VLQ22" -I"K:/home/projects/QV08/emu/ARM/kinetis_workspace/Q8Emu_KV58_SDK12/SDK/platform/hal/inc" -I"K:/home/projects/QV08/emu/ARM/kinetis_workspace/Q8Emu_KV58_SDK12/SDK/platform/hal/src/sim/MKV58F22" -I"K:/home/projects/QV08/emu/ARM/kinetis_workspace/Q8Emu_KV58_SDK12/SDK/platform/system/src/clock/MKV58F22" -I"K:/home/projects/QV08/emu/ARM/kinetis_workspace/Q8Emu_KV58_SDK12/SDK/platform/system/inc" -I"K:/home/projects/QV08/emu/ARM/kinetis_workspace/Q8Emu_KV58_SDK12/SDK/platform/osa/inc" -I"K:/home/projects/QV08/emu/ARM/kinetis_workspace/Q8Emu_KV58_SDK12/SDK/platform/CMSIS/Include" -I"K:/home/projects/QV08/emu/ARM/kinetis_workspace/Q8Emu_KV58_SDK12/SDK/platform/devices" -I"K:/home/projects/QV08/emu/ARM/kinetis_workspace/Q8Emu_KV58_SDK12/SDK/platform/devices/MKV58F22/include" -I"K:/home/projects/QV08/emu/ARM/kinetis_workspace/Q8Emu_KV58_SDK12/SDK/platform/devices/MKV58F22/startup" -I"K:/home/projects/QV08/emu/ARM/kinetis_workspace/Q8Emu_KV58_SDK12/Generated_Code/SDK/platform/devices/MKV58F22/startup" -I"K:/home/projects/QV08/emu/ARM/kinetis_workspace/Q8Emu_KV58_SDK12/Sources" -I"K:/home/projects/QV08/emu/ARM/kinetis_workspace/Q8Emu_KV58_SDK12/Generated_Code" -I"K:/home/projects/QV08/emu/ARM/kinetis_workspace/Q8Emu_KV58_SDK12/SDK/platform/drivers/inc" -std=c99 -MMD -MP -MF"Generated_Code/lpTmr1.d" -MT"Generated_Code/lpTmr1.o" -c -o "Generated_Code/lpTmr1.o" "../Generated_Code/lpTmr1.c"
Finished building: ../Generated_Code/lpTmr1.c
 
Building file: ../Generated_Code/pin_mux.c
Invoking: Cross ARM C Compiler
arm-none-eabi-gcc -mcpu=cortex-m7 -mthumb -mfloat-abi=hard -mfpu=fpv4-sp-d16 -O0 -fmessage-length=0 -fsigned-char -ffunction-sections -fdata-sections -Wall  -g3 -D"FSL_OSA_BM_TIMER_CONFIG=2" -D"CPU_MKV58F1M0VLQ22" -I"K:/home/projects/QV08/emu/ARM/kinetis_workspace/Q8Emu_KV58_SDK12/SDK/platform/hal/inc" -I"K:/home/projects/QV08/emu/ARM/kinetis_workspace/Q8Emu_KV58_SDK12/SDK/platform/hal/src/sim/MKV58F22" -I"K:/home/projects/QV08/emu/ARM/kinetis_workspace/Q8Emu_KV58_SDK12/SDK/platform/system/src/clock/MKV58F22" -I"K:/home/projects/QV08/emu/ARM/kinetis_workspace/Q8Emu_KV58_SDK12/SDK/platform/system/inc" -I"K:/home/projects/QV08/emu/ARM/kinetis_workspace/Q8Emu_KV58_SDK12/SDK/platform/osa/inc" -I"K:/home/projects/QV08/emu/ARM/kinetis_workspace/Q8Emu_KV58_SDK12/SDK/platform/CMSIS/Include" -I"K:/home/projects/QV08/emu/ARM/kinetis_workspace/Q8Emu_KV58_SDK12/SDK/platform/devices" -I"K:/home/projects/QV08/emu/ARM/kinetis_workspace/Q8Emu_KV58_SDK12/SDK/platform/devices/MKV58F22/include" -I"K:/home/projects/QV08/emu/ARM/kinetis_workspace/Q8Emu_KV58_SDK12/SDK/platform/devices/MKV58F22/startup" -I"K:/home/projects/QV08/emu/ARM/kinetis_workspace/Q8Emu_KV58_SDK12/Generated_Code/SDK/platform/devices/MKV58F22/startup" -I"K:/home/projects/QV08/emu/ARM/kinetis_workspace/Q8Emu_KV58_SDK12/Sources" -I"K:/home/projects/QV08/emu/ARM/kinetis_workspace/Q8Emu_KV58_SDK12/Generated_Code" -I"K:/home/projects/QV08/emu/ARM/kinetis_workspace/Q8Emu_KV58_SDK12/SDK/platform/drivers/inc" -std=c99 -MMD -MP -MF"Generated_Code/pin_mux.d" -MT"Generated_Code/pin_mux.o" -c -o "Generated_Code/pin_mux.o" "../Generated_Code/pin_mux.c"
Finished building: ../Generated_Code/pin_mux.c
 
Building file: ../Generated_Code/pitTimer1.c
Invoking: Cross ARM C Compiler
arm-none-eabi-gcc -mcpu=cortex-m7 -mthumb -mfloat-abi=hard -mfpu=fpv4-sp-d16 -O0 -fmessage-length=0 -fsigned-char -ffunction-sections -fdata-sections -Wall  -g3 -D"FSL_OSA_BM_TIMER_CONFIG=2" -D"CPU_MKV58F1M0VLQ22" -I"K:/home/projects/QV08/emu/ARM/kinetis_workspace/Q8Emu_KV58_SDK12/SDK/platform/hal/inc" -I"K:/home/projects/QV08/emu/ARM/kinetis_workspace/Q8Emu_KV58_SDK12/SDK/platform/hal/src/sim/MKV58F22" -I"K:/home/projects/QV08/emu/ARM/kinetis_workspace/Q8Emu_KV58_SDK12/SDK/platform/system/src/clock/MKV58F22" -I"K:/home/projects/QV08/emu/ARM/kinetis_workspace/Q8Emu_KV58_SDK12/SDK/platform/system/inc" -I"K:/home/projects/QV08/emu/ARM/kinetis_workspace/Q8Emu_KV58_SDK12/SDK/platform/osa/inc" -I"K:/home/projects/QV08/emu/ARM/kinetis_workspace/Q8Emu_KV58_SDK12/SDK/platform/CMSIS/Include" -I"K:/home/projects/QV08/emu/ARM/kinetis_workspace/Q8Emu_KV58_SDK12/SDK/platform/devices" -I"K:/home/projects/QV08/emu/ARM/kinetis_workspace/Q8Emu_KV58_SDK12/SDK/platform/devices/MKV58F22/include" -I"K:/home/projects/QV08/emu/ARM/kinetis_workspace/Q8Emu_KV58_SDK12/SDK/platform/devices/MKV58F22/startup" -I"K:/home/projects/QV08/emu/ARM/kinetis_workspace/Q8Emu_KV58_SDK12/Generated_Code/SDK/platform/devices/MKV58F22/startup" -I"K:/home/projects/QV08/emu/ARM/kinetis_workspace/Q8Emu_KV58_SDK12/Sources" -I"K:/home/projects/QV08/emu/ARM/kinetis_workspace/Q8Emu_KV58_SDK12/Generated_Code" -I"K:/home/projects/QV08/emu/ARM/kinetis_workspace/Q8Emu_KV58_SDK12/SDK/platform/drivers/inc" -std=c99 -MMD -MP -MF"Generated_Code/pitTimer1.d" -MT"Generated_Code/pitTimer1.o" -c -o "Generated_Code/pitTimer1.o" "../Generated_Code/pitTimer1.c"
Finished building: ../Generated_Code/pitTimer1.c
 
Building file: ../Generated_Code/uartCom1.c
Invoking: Cross ARM C Compiler
arm-none-eabi-gcc -mcpu=cortex-m7 -mthumb -mfloat-abi=hard -mfpu=fpv4-sp-d16 -O0 -fmessage-length=0 -fsigned-char -ffunction-sections -fdata-sections -Wall  -g3 -D"FSL_OSA_BM_TIMER_CONFIG=2" -D"CPU_MKV58F1M0VLQ22" -I"K:/home/projects/QV08/emu/ARM/kinetis_workspace/Q8Emu_KV58_SDK12/SDK/platform/hal/inc" -I"K:/home/projects/QV08/emu/ARM/kinetis_workspace/Q8Emu_KV58_SDK12/SDK/platform/hal/src/sim/MKV58F22" -I"K:/home/projects/QV08/emu/ARM/kinetis_workspace/Q8Emu_KV58_SDK12/SDK/platform/system/src/clock/MKV58F22" -I"K:/home/projects/QV08/emu/ARM/kinetis_workspace/Q8Emu_KV58_SDK12/SDK/platform/system/inc" -I"K:/home/projects/QV08/emu/ARM/kinetis_workspace/Q8Emu_KV58_SDK12/SDK/platform/osa/inc" -I"K:/home/projects/QV08/emu/ARM/kinetis_workspace/Q8Emu_KV58_SDK12/SDK/platform/CMSIS/Include" -I"K:/home/projects/QV08/emu/ARM/kinetis_workspace/Q8Emu_KV58_SDK12/SDK/platform/devices" -I"K:/home/projects/QV08/emu/ARM/kinetis_workspace/Q8Emu_KV58_SDK12/SDK/platform/devices/MKV58F22/include" -I"K:/home/projects/QV08/emu/ARM/kinetis_workspace/Q8Emu_KV58_SDK12/SDK/platform/devices/MKV58F22/startup" -I"K:/home/projects/QV08/emu/ARM/kinetis_workspace/Q8Emu_KV58_SDK12/Generated_Code/SDK/platform/devices/MKV58F22/startup" -I"K:/home/projects/QV08/emu/ARM/kinetis_workspace/Q8Emu_KV58_SDK12/Sources" -I"K:/home/projects/QV08/emu/ARM/kinetis_workspace/Q8Emu_KV58_SDK12/Generated_Code" -I"K:/home/projects/QV08/emu/ARM/kinetis_workspace/Q8Emu_KV58_SDK12/SDK/platform/drivers/inc" -std=c99 -MMD -MP -MF"Generated_Code/uartCom1.d" -MT"Generated_Code/uartCom1.o" -c -o "Generated_Code/uartCom1.o" "../Generated_Code/uartCom1.c"
Finished building: ../Generated_Code/uartCom1.c
 
Building target: Q8Emu_KV58_SDK12.elf
Invoking: Cross ARM C++ Linker
arm-none-eabi-g++ -mcpu=cortex-m7 -mthumb -mfloat-abi=hard -mfpu=fpv4-sp-d16 -O0 -fmessage-length=0 -fsigned-char -ffunction-sections -fdata-sections -Wall  -g3 -T "K:/home/projects/QV08/emu/ARM/kinetis_workspace/Q8Emu_KV58_SDK12/Project_Settings/Linker_Files/ProcessorExpert.ld" -Xlinker --gc-sections -L"K:/home/projects/QV08/emu/ARM/kinetis_workspace/Q8Emu_KV58_SDK12/Project_Settings/Linker_Files" -Wl,-Map,"Q8Emu_KV58_SDK12.map" -specs=nosys.specs -specs=nano.specs -o "Q8Emu_KV58_SDK12.elf"  ./Static_Code/System/PE_low_level_init.o  ./Sources/Events.o ./Sources/main.o ./Sources/sdram.o ./Sources/sdram_pin.o  ./SDK/platform/system/src/interrupt/fsl_interrupt_manager.o  ./SDK/platform/system/src/clock/MKV58F22/fsl_clock_MKV58F22.o  ./SDK/platform/system/src/clock/fsl_clock_manager.o ./SDK/platform/system/src/clock/fsl_clock_manager_common.o  ./SDK/platform/osa/src/fsl_os_abstraction_bm.o  ./SDK/platform/hal/src/xbar/fsl_xbar_hal.o  ./SDK/platform/hal/src/uart/fsl_uart_hal.o  ./SDK/platform/hal/src/sim/MKV58F22/fsl_sim_hal_MKV58F22.o  ./SDK/platform/hal/src/port/fsl_port_hal.o  ./SDK/platform/hal/src/pit/fsl_pit_hal.o  ./SDK/platform/hal/src/osc/fsl_osc_hal.o  ./SDK/platform/hal/src/mcg/fsl_mcg_hal.o ./SDK/platform/hal/src/mcg/fsl_mcg_hal_modes.o  ./SDK/platform/hal/src/lptmr/fsl_lptmr_hal.o  ./SDK/platform/hal/src/gpio/fsl_gpio_hal.o  ./SDK/platform/hal/src/dmamux/fsl_dmamux_hal.o  ./SDK/platform/drivers/src/uart/fsl_uart_common.o ./SDK/platform/drivers/src/uart/fsl_uart_driver.o  ./SDK/platform/drivers/src/pit/fsl_pit_common.o ./SDK/platform/drivers/src/pit/fsl_pit_driver.o  ./SDK/platform/drivers/src/lptmr/fsl_lptmr_common.o ./SDK/platform/drivers/src/lptmr/fsl_lptmr_driver.o  ./SDK/platform/drivers/src/gpio/fsl_gpio_common.o ./SDK/platform/drivers/src/gpio/fsl_gpio_driver.o  ./SDK/platform/devices/MKV58F22/startup/gcc/startup_MKV58F22.o  ./SDK/platform/devices/MKV58F22/startup/system_MKV58F22.o  ./SDK/platform/devices/startup.o  ./Generated_Code/Cpu.o ./Generated_Code/LED.o ./Generated_Code/SD_ADDR.o ./Generated_Code/SD_CTRL.o ./Generated_Code/SD_DQ.o ./Generated_Code/clockMan1.o ./Generated_Code/gpio1.o ./Generated_Code/hardware_init.o ./Generated_Code/lpTmr1.o ./Generated_Code/osa1.o ./Generated_Code/pin_mux.o ./Generated_Code/pitTimer1.o ./Generated_Code/uartCom1.o   
Finished building target: Q8Emu_KV58_SDK12.elf
 
Invoking: Cross ARM GNU Print Size
arm-none-eabi-size --format=berkeley "Q8Emu_KV58_SDK12.elf"
   text	   data	    bss	    dec	    hex	filename
  24696	    128	   5488	  30312	   7668	Q8Emu_KV58_SDK12.elf
Finished building: Q8Emu_KV58_SDK12.siz
 
23:41:41 **** Incremental Build of configuration Debug for project Q8Emu_KV58_SDK12 ****
make all 
Building file: ../Sources/main.c
Invoking: Cross ARM C Compiler
arm-none-eabi-gcc -mcpu=cortex-m7 -mthumb -mfloat-abi=hard -mfpu=fpv4-sp-d16 -O0 -fmessage-length=0 -fsigned-char -ffunction-sections -fdata-sections -Wall  -g3 -D"FSL_OSA_BM_TIMER_CONFIG=2" -D"CPU_MKV58F1M0VLQ22" -I"K:/home/projects/QV08/emu/ARM/kinetis_workspace/Q8Emu_KV58_SDK12/SDK/platform/hal/inc" -I"K:/home/projects/QV08/emu/ARM/kinetis_workspace/Q8Emu_KV58_SDK12/SDK/platform/hal/src/sim/MKV58F22" -I"K:/home/projects/QV08/emu/ARM/kinetis_workspace/Q8Emu_KV58_SDK12/SDK/platform/system/src/clock/MKV58F22" -I"K:/home/projects/QV08/emu/ARM/kinetis_workspace/Q8Emu_KV58_SDK12/SDK/platform/system/inc" -I"K:/home/projects/QV08/emu/ARM/kinetis_workspace/Q8Emu_KV58_SDK12/SDK/platform/osa/inc" -I"K:/home/projects/QV08/emu/ARM/kinetis_workspace/Q8Emu_KV58_SDK12/SDK/platform/CMSIS/Include" -I"K:/home/projects/QV08/emu/ARM/kinetis_workspace/Q8Emu_KV58_SDK12/SDK/platform/devices" -I"K:/home/projects/QV08/emu/ARM/kinetis_workspace/Q8Emu_KV58_SDK12/SDK/platform/devices/MKV58F22/include" -I"K:/home/projects/QV08/emu/ARM/kinetis_workspace/Q8Emu_KV58_SDK12/SDK/platform/devices/MKV58F22/startup" -I"K:/home/projects/QV08/emu/ARM/kinetis_workspace/Q8Emu_KV58_SDK12/Generated_Code/SDK/platform/devices/MKV58F22/startup" -I"K:/home/projects/QV08/emu/ARM/kinetis_workspace/Q8Emu_KV58_SDK12/Sources" -I"K:/home/projects/QV08/emu/ARM/kinetis_workspace/Q8Emu_KV58_SDK12/Generated_Code" -I"K:/home/projects/QV08/emu/ARM/kinetis_workspace/Q8Emu_KV58_SDK12/SDK/platform/drivers/inc" -std=c99 -MMD -MP -MF"Sources/main.d" -MT"Sources/main.o" -c -o "Sources/main.o" "../Sources/main.c"
../Sources/main.c: In function 'main':
../Sources/main.c:70:17: warning: unused variable 'r' [-Wunused-variable]
  lptmr_status_t r=LPTMR_DRV_Start(0) ;
                 ^
Finished building: ../Sources/main.c
 
Building target: Q8Emu_KV58_SDK12.elf
Invoking: Cross ARM C++ Linker
arm-none-eabi-g++ -mcpu=cortex-m7 -mthumb -mfloat-abi=hard -mfpu=fpv4-sp-d16 -O0 -fmessage-length=0 -fsigned-char -ffunction-sections -fdata-sections -Wall  -g3 -T "K:/home/projects/QV08/emu/ARM/kinetis_workspace/Q8Emu_KV58_SDK12/Project_Settings/Linker_Files/ProcessorExpert.ld" -Xlinker --gc-sections -L"K:/home/projects/QV08/emu/ARM/kinetis_workspace/Q8Emu_KV58_SDK12/Project_Settings/Linker_Files" -Wl,-Map,"Q8Emu_KV58_SDK12.map" -specs=nosys.specs -specs=nano.specs -o "Q8Emu_KV58_SDK12.elf"  ./Static_Code/System/PE_low_level_init.o  ./Sources/Events.o ./Sources/main.o ./Sources/sdram.o ./Sources/sdram_pin.o  ./SDK/platform/system/src/interrupt/fsl_interrupt_manager.o  ./SDK/platform/system/src/clock/MKV58F22/fsl_clock_MKV58F22.o  ./SDK/platform/system/src/clock/fsl_clock_manager.o ./SDK/platform/system/src/clock/fsl_clock_manager_common.o  ./SDK/platform/osa/src/fsl_os_abstraction_bm.o  ./SDK/platform/hal/src/xbar/fsl_xbar_hal.o  ./SDK/platform/hal/src/uart/fsl_uart_hal.o  ./SDK/platform/hal/src/sim/MKV58F22/fsl_sim_hal_MKV58F22.o  ./SDK/platform/hal/src/port/fsl_port_hal.o  ./SDK/platform/hal/src/pit/fsl_pit_hal.o  ./SDK/platform/hal/src/osc/fsl_osc_hal.o  ./SDK/platform/hal/src/mcg/fsl_mcg_hal.o ./SDK/platform/hal/src/mcg/fsl_mcg_hal_modes.o  ./SDK/platform/hal/src/lptmr/fsl_lptmr_hal.o  ./SDK/platform/hal/src/gpio/fsl_gpio_hal.o  ./SDK/platform/hal/src/dmamux/fsl_dmamux_hal.o  ./SDK/platform/drivers/src/uart/fsl_uart_common.o ./SDK/platform/drivers/src/uart/fsl_uart_driver.o  ./SDK/platform/drivers/src/pit/fsl_pit_common.o ./SDK/platform/drivers/src/pit/fsl_pit_driver.o  ./SDK/platform/drivers/src/lptmr/fsl_lptmr_common.o ./SDK/platform/drivers/src/lptmr/fsl_lptmr_driver.o  ./SDK/platform/drivers/src/gpio/fsl_gpio_common.o ./SDK/platform/drivers/src/gpio/fsl_gpio_driver.o  ./SDK/platform/devices/MKV58F22/startup/gcc/startup_MKV58F22.o  ./SDK/platform/devices/MKV58F22/startup/system_MKV58F22.o  ./SDK/platform/devices/startup.o  ./Generated_Code/Cpu.o ./Generated_Code/LED.o ./Generated_Code/SD_ADDR.o ./Generated_Code/SD_CTRL.o ./Generated_Code/SD_DQ.o ./Generated_Code/clockMan1.o ./Generated_Code/gpio1.o ./Generated_Code/hardware_init.o ./Generated_Code/lpTmr1.o ./Generated_Code/osa1.o ./Generated_Code/pin_mux.o ./Generated_Code/pitTimer1.o ./Generated_Code/uartCom1.o   
Finished building target: Q8Emu_KV58_SDK12.elf
 
Invoking: Cross ARM GNU Print Size
arm-none-eabi-size --format=berkeley "Q8Emu_KV58_SDK12.elf"
   text	   data	    bss	    dec	    hex	filename
  24724	    128	   9584	  34436	   8684	Q8Emu_KV58_SDK12.elf
Finished building: Q8Emu_KV58_SDK12.siz
 
23:44:15 **** Incremental Build of configuration Debug for project Q8Emu_KV58_SDK12 ****
make all 
Invoking: Cross ARM GNU Print Size
arm-none-eabi-size --format=berkeley "Q8Emu_KV58_SDK12.elf"
   text	   data	    bss	    dec	    hex	filename
  24724	    128	   9584	  34436	   8684	Q8Emu_KV58_SDK12.elf
Finished building: Q8Emu_KV58_SDK12.siz
 
23:50:58 **** Incremental Build of configuration Debug for project Q8Emu_KV58_SDK12 ****
make all 
Building file: ../Sources/main.c
Invoking: Cross ARM C Compiler
arm-none-eabi-gcc -mcpu=cortex-m7 -mthumb -mfloat-abi=hard -mfpu=fpv4-sp-d16 -O0 -fmessage-length=0 -fsigned-char -ffunction-sections -fdata-sections -Wall  -g3 -D"FSL_OSA_BM_TIMER_CONFIG=2" -D"CPU_MKV58F1M0VLQ22" -I"K:/home/projects/QV08/emu/ARM/kinetis_workspace/Q8Emu_KV58_SDK12/SDK/platform/hal/inc" -I"K:/home/projects/QV08/emu/ARM/kinetis_workspace/Q8Emu_KV58_SDK12/SDK/platform/hal/src/sim/MKV58F22" -I"K:/home/projects/QV08/emu/ARM/kinetis_workspace/Q8Emu_KV58_SDK12/SDK/platform/system/src/clock/MKV58F22" -I"K:/home/projects/QV08/emu/ARM/kinetis_workspace/Q8Emu_KV58_SDK12/SDK/platform/system/inc" -I"K:/home/projects/QV08/emu/ARM/kinetis_workspace/Q8Emu_KV58_SDK12/SDK/platform/osa/inc" -I"K:/home/projects/QV08/emu/ARM/kinetis_workspace/Q8Emu_KV58_SDK12/SDK/platform/CMSIS/Include" -I"K:/home/projects/QV08/emu/ARM/kinetis_workspace/Q8Emu_KV58_SDK12/SDK/platform/devices" -I"K:/home/projects/QV08/emu/ARM/kinetis_workspace/Q8Emu_KV58_SDK12/SDK/platform/devices/MKV58F22/include" -I"K:/home/projects/QV08/emu/ARM/kinetis_workspace/Q8Emu_KV58_SDK12/SDK/platform/devices/MKV58F22/startup" -I"K:/home/projects/QV08/emu/ARM/kinetis_workspace/Q8Emu_KV58_SDK12/Generated_Code/SDK/platform/devices/MKV58F22/startup" -I"K:/home/projects/QV08/emu/ARM/kinetis_workspace/Q8Emu_KV58_SDK12/Sources" -I"K:/home/projects/QV08/emu/ARM/kinetis_workspace/Q8Emu_KV58_SDK12/Generated_Code" -I"K:/home/projects/QV08/emu/ARM/kinetis_workspace/Q8Emu_KV58_SDK12/SDK/platform/drivers/inc" -std=c99 -MMD -MP -MF"Sources/main.d" -MT"Sources/main.o" -c -o "Sources/main.o" "../Sources/main.c"
../Sources/main.c: In function 'main':
../Sources/main.c:70:17: warning: unused variable 'r' [-Wunused-variable]
  lptmr_status_t r=LPTMR_DRV_Start(0) ;
                 ^
Finished building: ../Sources/main.c
 
Building target: Q8Emu_KV58_SDK12.elf
Invoking: Cross ARM C++ Linker
arm-none-eabi-g++ -mcpu=cortex-m7 -mthumb -mfloat-abi=hard -mfpu=fpv4-sp-d16 -O0 -fmessage-length=0 -fsigned-char -ffunction-sections -fdata-sections -Wall  -g3 -T "K:/home/projects/QV08/emu/ARM/kinetis_workspace/Q8Emu_KV58_SDK12/Project_Settings/Linker_Files/ProcessorExpert.ld" -Xlinker --gc-sections -L"K:/home/projects/QV08/emu/ARM/kinetis_workspace/Q8Emu_KV58_SDK12/Project_Settings/Linker_Files" -Wl,-Map,"Q8Emu_KV58_SDK12.map" -specs=nosys.specs -specs=nano.specs -o "Q8Emu_KV58_SDK12.elf"  ./Static_Code/System/PE_low_level_init.o  ./Sources/Events.o ./Sources/main.o ./Sources/sdram.o ./Sources/sdram_pin.o  ./SDK/platform/system/src/interrupt/fsl_interrupt_manager.o  ./SDK/platform/system/src/clock/MKV58F22/fsl_clock_MKV58F22.o  ./SDK/platform/system/src/clock/fsl_clock_manager.o ./SDK/platform/system/src/clock/fsl_clock_manager_common.o  ./SDK/platform/osa/src/fsl_os_abstraction_bm.o  ./SDK/platform/hal/src/xbar/fsl_xbar_hal.o  ./SDK/platform/hal/src/uart/fsl_uart_hal.o  ./SDK/platform/hal/src/sim/MKV58F22/fsl_sim_hal_MKV58F22.o  ./SDK/platform/hal/src/port/fsl_port_hal.o  ./SDK/platform/hal/src/pit/fsl_pit_hal.o  ./SDK/platform/hal/src/osc/fsl_osc_hal.o  ./SDK/platform/hal/src/mcg/fsl_mcg_hal.o ./SDK/platform/hal/src/mcg/fsl_mcg_hal_modes.o  ./SDK/platform/hal/src/lptmr/fsl_lptmr_hal.o  ./SDK/platform/hal/src/gpio/fsl_gpio_hal.o  ./SDK/platform/hal/src/dmamux/fsl_dmamux_hal.o  ./SDK/platform/drivers/src/uart/fsl_uart_common.o ./SDK/platform/drivers/src/uart/fsl_uart_driver.o  ./SDK/platform/drivers/src/pit/fsl_pit_common.o ./SDK/platform/drivers/src/pit/fsl_pit_driver.o  ./SDK/platform/drivers/src/lptmr/fsl_lptmr_common.o ./SDK/platform/drivers/src/lptmr/fsl_lptmr_driver.o  ./SDK/platform/drivers/src/gpio/fsl_gpio_common.o ./SDK/platform/drivers/src/gpio/fsl_gpio_driver.o  ./SDK/platform/devices/MKV58F22/startup/gcc/startup_MKV58F22.o  ./SDK/platform/devices/MKV58F22/startup/system_MKV58F22.o  ./SDK/platform/devices/startup.o  ./Generated_Code/Cpu.o ./Generated_Code/LED.o ./Generated_Code/SD_ADDR.o ./Generated_Code/SD_CTRL.o ./Generated_Code/SD_DQ.o ./Generated_Code/clockMan1.o ./Generated_Code/gpio1.o ./Generated_Code/hardware_init.o ./Generated_Code/lpTmr1.o ./Generated_Code/osa1.o ./Generated_Code/pin_mux.o ./Generated_Code/pitTimer1.o ./Generated_Code/uartCom1.o   
Finished building target: Q8Emu_KV58_SDK12.elf
 
Invoking: Cross ARM GNU Print Size
arm-none-eabi-size --format=berkeley "Q8Emu_KV58_SDK12.elf"
   text	   data	    bss	    dec	    hex	filename
  24724	    128	   9584	  34436	   8684	Q8Emu_KV58_SDK12.elf
Finished building: Q8Emu_KV58_SDK12.siz
 
23:52:51 **** Incremental Build of configuration Debug for project Q8Emu_KV58_SDK12 ****
make all 
Building file: ../Sources/main.c
Invoking: Cross ARM C Compiler
arm-none-eabi-gcc -mcpu=cortex-m7 -mthumb -mfloat-abi=hard -mfpu=fpv4-sp-d16 -O0 -fmessage-length=0 -fsigned-char -ffunction-sections -fdata-sections -Wall  -g3 -D"FSL_OSA_BM_TIMER_CONFIG=2" -D"CPU_MKV58F1M0VLQ22" -I"K:/home/projects/QV08/emu/ARM/kinetis_workspace/Q8Emu_KV58_SDK12/SDK/platform/hal/inc" -I"K:/home/projects/QV08/emu/ARM/kinetis_workspace/Q8Emu_KV58_SDK12/SDK/platform/hal/src/sim/MKV58F22" -I"K:/home/projects/QV08/emu/ARM/kinetis_workspace/Q8Emu_KV58_SDK12/SDK/platform/system/src/clock/MKV58F22" -I"K:/home/projects/QV08/emu/ARM/kinetis_workspace/Q8Emu_KV58_SDK12/SDK/platform/system/inc" -I"K:/home/projects/QV08/emu/ARM/kinetis_workspace/Q8Emu_KV58_SDK12/SDK/platform/osa/inc" -I"K:/home/projects/QV08/emu/ARM/kinetis_workspace/Q8Emu_KV58_SDK12/SDK/platform/CMSIS/Include" -I"K:/home/projects/QV08/emu/ARM/kinetis_workspace/Q8Emu_KV58_SDK12/SDK/platform/devices" -I"K:/home/projects/QV08/emu/ARM/kinetis_workspace/Q8Emu_KV58_SDK12/SDK/platform/devices/MKV58F22/include" -I"K:/home/projects/QV08/emu/ARM/kinetis_workspace/Q8Emu_KV58_SDK12/SDK/platform/devices/MKV58F22/startup" -I"K:/home/projects/QV08/emu/ARM/kinetis_workspace/Q8Emu_KV58_SDK12/Generated_Code/SDK/platform/devices/MKV58F22/startup" -I"K:/home/projects/QV08/emu/ARM/kinetis_workspace/Q8Emu_KV58_SDK12/Sources" -I"K:/home/projects/QV08/emu/ARM/kinetis_workspace/Q8Emu_KV58_SDK12/Generated_Code" -I"K:/home/projects/QV08/emu/ARM/kinetis_workspace/Q8Emu_KV58_SDK12/SDK/platform/drivers/inc" -std=c99 -MMD -MP -MF"Sources/main.d" -MT"Sources/main.o" -c -o "Sources/main.o" "../Sources/main.c"
../Sources/main.c: In function 'main':
../Sources/main.c:70:17: warning: unused variable 'r' [-Wunused-variable]
  lptmr_status_t r=LPTMR_DRV_Start(0) ;
                 ^
Finished building: ../Sources/main.c
 
Building target: Q8Emu_KV58_SDK12.elf
Invoking: Cross ARM C++ Linker
arm-none-eabi-g++ -mcpu=cortex-m7 -mthumb -mfloat-abi=hard -mfpu=fpv4-sp-d16 -O0 -fmessage-length=0 -fsigned-char -ffunction-sections -fdata-sections -Wall  -g3 -T "K:/home/projects/QV08/emu/ARM/kinetis_workspace/Q8Emu_KV58_SDK12/Project_Settings/Linker_Files/ProcessorExpert.ld" -Xlinker --gc-sections -L"K:/home/projects/QV08/emu/ARM/kinetis_workspace/Q8Emu_KV58_SDK12/Project_Settings/Linker_Files" -Wl,-Map,"Q8Emu_KV58_SDK12.map" -specs=nosys.specs -specs=nano.specs -o "Q8Emu_KV58_SDK12.elf"  ./Static_Code/System/PE_low_level_init.o  ./Sources/Events.o ./Sources/main.o ./Sources/sdram.o ./Sources/sdram_pin.o  ./SDK/platform/system/src/interrupt/fsl_interrupt_manager.o  ./SDK/platform/system/src/clock/MKV58F22/fsl_clock_MKV58F22.o  ./SDK/platform/system/src/clock/fsl_clock_manager.o ./SDK/platform/system/src/clock/fsl_clock_manager_common.o  ./SDK/platform/osa/src/fsl_os_abstraction_bm.o  ./SDK/platform/hal/src/xbar/fsl_xbar_hal.o  ./SDK/platform/hal/src/uart/fsl_uart_hal.o  ./SDK/platform/hal/src/sim/MKV58F22/fsl_sim_hal_MKV58F22.o  ./SDK/platform/hal/src/port/fsl_port_hal.o  ./SDK/platform/hal/src/pit/fsl_pit_hal.o  ./SDK/platform/hal/src/osc/fsl_osc_hal.o  ./SDK/platform/hal/src/mcg/fsl_mcg_hal.o ./SDK/platform/hal/src/mcg/fsl_mcg_hal_modes.o  ./SDK/platform/hal/src/lptmr/fsl_lptmr_hal.o  ./SDK/platform/hal/src/gpio/fsl_gpio_hal.o  ./SDK/platform/hal/src/dmamux/fsl_dmamux_hal.o  ./SDK/platform/drivers/src/uart/fsl_uart_common.o ./SDK/platform/drivers/src/uart/fsl_uart_driver.o  ./SDK/platform/drivers/src/pit/fsl_pit_common.o ./SDK/platform/drivers/src/pit/fsl_pit_driver.o  ./SDK/platform/drivers/src/lptmr/fsl_lptmr_common.o ./SDK/platform/drivers/src/lptmr/fsl_lptmr_driver.o  ./SDK/platform/drivers/src/gpio/fsl_gpio_common.o ./SDK/platform/drivers/src/gpio/fsl_gpio_driver.o  ./SDK/platform/devices/MKV58F22/startup/gcc/startup_MKV58F22.o  ./SDK/platform/devices/MKV58F22/startup/system_MKV58F22.o  ./SDK/platform/devices/startup.o  ./Generated_Code/Cpu.o ./Generated_Code/LED.o ./Generated_Code/SD_ADDR.o ./Generated_Code/SD_CTRL.o ./Generated_Code/SD_DQ.o ./Generated_Code/clockMan1.o ./Generated_Code/gpio1.o ./Generated_Code/hardware_init.o ./Generated_Code/lpTmr1.o ./Generated_Code/osa1.o ./Generated_Code/pin_mux.o ./Generated_Code/pitTimer1.o ./Generated_Code/uartCom1.o   
Finished building target: Q8Emu_KV58_SDK12.elf
 
Invoking: Cross ARM GNU Print Size
arm-none-eabi-size --format=berkeley "Q8Emu_KV58_SDK12.elf"
   text	   data	    bss	    dec	    hex	filename
  24724	    128	   5552	  30404	   76c4	Q8Emu_KV58_SDK12.elf
Finished building: Q8Emu_KV58_SDK12.siz
 
23:55:53 **** Incremental Build of configuration Debug for project Q8Emu_KV58_SDK12 ****
make all 
Building file: ../Sources/main.c
Invoking: Cross ARM C Compiler
arm-none-eabi-gcc -mcpu=cortex-m7 -mthumb -mfloat-abi=hard -mfpu=fpv4-sp-d16 -O0 -fmessage-length=0 -fsigned-char -ffunction-sections -fdata-sections -Wall  -g3 -D"FSL_OSA_BM_TIMER_CONFIG=2" -D"CPU_MKV58F1M0VLQ22" -I"K:/home/projects/QV08/emu/ARM/kinetis_workspace/Q8Emu_KV58_SDK12/SDK/platform/hal/inc" -I"K:/home/projects/QV08/emu/ARM/kinetis_workspace/Q8Emu_KV58_SDK12/SDK/platform/hal/src/sim/MKV58F22" -I"K:/home/projects/QV08/emu/ARM/kinetis_workspace/Q8Emu_KV58_SDK12/SDK/platform/system/src/clock/MKV58F22" -I"K:/home/projects/QV08/emu/ARM/kinetis_workspace/Q8Emu_KV58_SDK12/SDK/platform/system/inc" -I"K:/home/projects/QV08/emu/ARM/kinetis_workspace/Q8Emu_KV58_SDK12/SDK/platform/osa/inc" -I"K:/home/projects/QV08/emu/ARM/kinetis_workspace/Q8Emu_KV58_SDK12/SDK/platform/CMSIS/Include" -I"K:/home/projects/QV08/emu/ARM/kinetis_workspace/Q8Emu_KV58_SDK12/SDK/platform/devices" -I"K:/home/projects/QV08/emu/ARM/kinetis_workspace/Q8Emu_KV58_SDK12/SDK/platform/devices/MKV58F22/include" -I"K:/home/projects/QV08/emu/ARM/kinetis_workspace/Q8Emu_KV58_SDK12/SDK/platform/devices/MKV58F22/startup" -I"K:/home/projects/QV08/emu/ARM/kinetis_workspace/Q8Emu_KV58_SDK12/Generated_Code/SDK/platform/devices/MKV58F22/startup" -I"K:/home/projects/QV08/emu/ARM/kinetis_workspace/Q8Emu_KV58_SDK12/Sources" -I"K:/home/projects/QV08/emu/ARM/kinetis_workspace/Q8Emu_KV58_SDK12/Generated_Code" -I"K:/home/projects/QV08/emu/ARM/kinetis_workspace/Q8Emu_KV58_SDK12/SDK/platform/drivers/inc" -std=c99 -MMD -MP -MF"Sources/main.d" -MT"Sources/main.o" -c -o "Sources/main.o" "../Sources/main.c"
Finished building: ../Sources/main.c
../Sources/main.c: In function 'main':
../Sources/main.c:70:17: warning: unused variable 'r' [-Wunused-variable]
 
  lptmr_status_t r=LPTMR_DRV_Start(0) ;
                 ^
Building target: Q8Emu_KV58_SDK12.elf
Invoking: Cross ARM C++ Linker
arm-none-eabi-g++ -mcpu=cortex-m7 -mthumb -mfloat-abi=hard -mfpu=fpv4-sp-d16 -O0 -fmessage-length=0 -fsigned-char -ffunction-sections -fdata-sections -Wall  -g3 -T "K:/home/projects/QV08/emu/ARM/kinetis_workspace/Q8Emu_KV58_SDK12/Project_Settings/Linker_Files/ProcessorExpert.ld" -Xlinker --gc-sections -L"K:/home/projects/QV08/emu/ARM/kinetis_workspace/Q8Emu_KV58_SDK12/Project_Settings/Linker_Files" -Wl,-Map,"Q8Emu_KV58_SDK12.map" -specs=nosys.specs -specs=nano.specs -o "Q8Emu_KV58_SDK12.elf"  ./Static_Code/System/PE_low_level_init.o  ./Sources/Events.o ./Sources/main.o ./Sources/sdram.o ./Sources/sdram_pin.o  ./SDK/platform/system/src/interrupt/fsl_interrupt_manager.o  ./SDK/platform/system/src/clock/MKV58F22/fsl_clock_MKV58F22.o  ./SDK/platform/system/src/clock/fsl_clock_manager.o ./SDK/platform/system/src/clock/fsl_clock_manager_common.o  ./SDK/platform/osa/src/fsl_os_abstraction_bm.o  ./SDK/platform/hal/src/xbar/fsl_xbar_hal.o  ./SDK/platform/hal/src/uart/fsl_uart_hal.o  ./SDK/platform/hal/src/sim/MKV58F22/fsl_sim_hal_MKV58F22.o  ./SDK/platform/hal/src/port/fsl_port_hal.o  ./SDK/platform/hal/src/pit/fsl_pit_hal.o  ./SDK/platform/hal/src/osc/fsl_osc_hal.o  ./SDK/platform/hal/src/mcg/fsl_mcg_hal.o ./SDK/platform/hal/src/mcg/fsl_mcg_hal_modes.o  ./SDK/platform/hal/src/lptmr/fsl_lptmr_hal.o  ./SDK/platform/hal/src/gpio/fsl_gpio_hal.o  ./SDK/platform/hal/src/dmamux/fsl_dmamux_hal.o  ./SDK/platform/drivers/src/uart/fsl_uart_common.o ./SDK/platform/drivers/src/uart/fsl_uart_driver.o  ./SDK/platform/drivers/src/pit/fsl_pit_common.o ./SDK/platform/drivers/src/pit/fsl_pit_driver.o  ./SDK/platform/drivers/src/lptmr/fsl_lptmr_common.o ./SDK/platform/drivers/src/lptmr/fsl_lptmr_driver.o  ./SDK/platform/drivers/src/gpio/fsl_gpio_common.o ./SDK/platform/drivers/src/gpio/fsl_gpio_driver.o  ./SDK/platform/devices/MKV58F22/startup/gcc/startup_MKV58F22.o  ./SDK/platform/devices/MKV58F22/startup/system_MKV58F22.o  ./SDK/platform/devices/startup.o  ./Generated_Code/Cpu.o ./Generated_Code/LED.o ./Generated_Code/SD_ADDR.o ./Generated_Code/SD_CTRL.o ./Generated_Code/SD_DQ.o ./Generated_Code/clockMan1.o ./Generated_Code/gpio1.o ./Generated_Code/hardware_init.o ./Generated_Code/lpTmr1.o ./Generated_Code/osa1.o ./Generated_Code/pin_mux.o ./Generated_Code/pitTimer1.o ./Generated_Code/uartCom1.o   
Finished building target: Q8Emu_KV58_SDK12.elf
 
Invoking: Cross ARM GNU Print Size
arm-none-eabi-size --format=berkeley "Q8Emu_KV58_SDK12.elf"
   text	   data	    bss	    dec	    hex	filename
  24724	    128	   6000	  30852	   7884	Q8Emu_KV58_SDK12.elf
Finished building: Q8Emu_KV58_SDK12.siz
 
23:58:33 **** Incremental Build of configuration Debug for project Q8Emu_KV58_SDK12 ****
make all 
Invoking: Cross ARM GNU Print Size
arm-none-eabi-size --format=berkeley "Q8Emu_KV58_SDK12.elf"
   text	   data	    bss	    dec	    hex	filename
  24724	    128	   6000	  30852	   7884	Q8Emu_KV58_SDK12.elf
Finished building: Q8Emu_KV58_SDK12.siz
 
23:58:45 **** Incremental Build of configuration Debug for project Q8Emu_KV58_SDK12 ****
make all 
Invoking: Cross ARM GNU Print Size
arm-none-eabi-size --format=berkeley "Q8Emu_KV58_SDK12.elf"
   text	   data	    bss	    dec	    hex	filename
  24724	    128	   6000	  30852	   7884	Q8Emu_KV58_SDK12.elf
Finished building: Q8Emu_KV58_SDK12.siz
 
23:58:56 **** Incremental Build of configuration Debug for project Q8Emu_KV58_SDK12 ****
make all 
Invoking: Cross ARM GNU Print Size
arm-none-eabi-size --format=berkeley "Q8Emu_KV58_SDK12.elf"
   text	   data	    bss	    dec	    hex	filename
  24724	    128	   6000	  30852	   7884	Q8Emu_KV58_SDK12.elf
Finished building: Q8Emu_KV58_SDK12.siz
 
